    3.623  7F 0B 80 1F 40 07 58 14 00 02 20 07 C5        NAV → IKE       1F 40 07 58 14 00 02 20 07
    4.414  E8 05 D0 59 50 00 34               E8 → LCM_D0    59 50 00
    4.592  F0 03 68 01 9A                   BMBT → RAD       01
    4.603  68 04 BF 02 00 D1                 RAD → LCM       02 00
    4.925  7F 06 C8 A9 03 30 30 1B           NAV → TEL       A9 03 30 30
    5.012  7F 06 C8 A9 0A 30 30 12           NAV → TEL       A9 0A 30 30
    5.104  7F 14 C8 A2 00 00 42 52 27 80 00 74 37 54 90 00 00 00 0D 3A 00 06        NAV → TEL       A2 00 00 42 52 27 80 00 74 37 54 90 00 00 00 0D 3A 00
    5.156  7F 23 C8 A4 00 01 00 00 00 00 00 00 00 00 00 00 00 00 00 00 00 00 00 00 00 00 00 00 00 00 00 00 00 00 00 00 31        NAV → TEL       A4 00 01 00 00 00 00 00 00 00 00 00 00 00 00 00 00 00 00 00 00 00 00 00 00 00 00 00 00 00 00 00 00
    5.243  3B 03 80 01 B9                     GT → IKE       01
    5.269  80 04 BF 02 00 39                 IKE → LCM       02 00
   13.350  68 03 6A 01 00                    RAD → DSP       01
   14.428  E8 05 D0 59 50 00 34               E8 → LCM_D0    59 50 00
   14.607  F0 03 68 01 9A                   BMBT → RAD       01
   14.617  68 04 BF 02 00 D1                 RAD → LCM       02 00
   15.251  68 05 76 38 00 00 23              RAD → 76        38 00 00
   15.261  3B 03 C8 01 F1                     GT → TEL       01
   15.277  68 05 18 38 00 00 4D              RAD → CDC       38 00 00  радио → чейнджеру: статус
   15.308  C8 04 3B 02 30 C5                 TEL → GT        02 30
   20.712  F0 04 FF 48 34 77                BMBT → BROADCAST 48 34  кнопка монитора: код 34
   20.876  F0 04 FF 48 B4 F7                BMBT → BROADCAST 48 B4  кнопка монитора: код B4
   21.020  3B 04 68 45 91 83                  GT → RAD       45 91
   21.035  68 04 3B 46 01 10                 RAD → GT        46 01
   21.056  7F 04 43 AB 21 B2                 NAV → MENU      AB 21
   21.700  80 0C E7 24 01 00 31 33 3A 35 39 20 20 7A        IKE → OBC_TEXT  24 01 00 31 33 3A 35 39 20 20
   22.349  F0 04 FF 48 34 77                BMBT → BROADCAST 48 34  кнопка монитора: код 34
   22.559  F0 04 FF 48 B4 F7                BMBT → BROADCAST 48 B4  кнопка монитора: код B4
   23.688  F0 04 FF 48 34 77                BMBT → BROADCAST 48 34  кнопка монитора: код 34
   23.918  F0 04 FF 48 B4 F7                BMBT → BROADCAST 48 B4  кнопка монитора: код B4
   24.348  F0 04 FF 48 34 77                BMBT → BROADCAST 48 34  кнопка монитора: код 34
   24.445  E8 05 D0 59 50 00 34               E8 → LCM_D0    59 50 00
   24.522  F0 04 FF 48 B4 F7                BMBT → BROADCAST 48 B4  кнопка монитора: код B4
   24.630  F0 03 68 01 9A                   BMBT → RAD       01
   24.640  68 04 BF 02 00 D1                 RAD → LCM       02 00
   25.131  F0 04 FF 48 34 77                BMBT → BROADCAST 48 34  кнопка монитора: код 34
   25.259  3B 03 ED 01 D4                     GT → VM        01
   25.269  ED 04 3B 02 00 D0                  VM → GT        02 00
   25.280  F0 04 FF 48 B4 F7                BMBT → BROADCAST 48 B4  кнопка монитора: код B4
   25.847  F0 04 FF 48 34 77                BMBT → BROADCAST 48 34  кнопка монитора: код 34
   25.929  F0 04 FF 48 B4 F7                BMBT → BROADCAST 48 B4  кнопка монитора: код B4
   26.226  F0 04 FF 48 B4 F7                BMBT → BROADCAST 48 B4  кнопка монитора: код B4
   26.272  F0 04 FF 48 34 77                BMBT → BROADCAST 48 34  кнопка монитора: код 34
   26.339  F0 04 FF 48 B4 F7                BMBT → BROADCAST 48 B4  кнопка монитора: код B4
   28.545  F0 04 68 48 23 F7                BMBT → RAD       48 23  кнопка монитора: код 23
   28.648  F0 04 68 48 A3 77                BMBT → RAD       48 A3  кнопка монитора: код A3
   28.735  68 0B 3B A5 62 01 41 20 20 20 20 20 FF        RAD → GT        A5 62 01 41 20 20 20 20 20
   28.761  68 0B 3B A5 62 01 42 20 50 20 34 20 98        RAD → GT        A5 62 01 42 20 50 20 34 20
   28.787  68 0B 3B A5 62 01 43 20 20 20 20 20 FD        RAD → GT        A5 62 01 43 20 20 20 20 20
   28.813  68 0B 3B A5 62 01 44 20 20 20 20 20 FA        RAD → GT        A5 62 01 44 20 20 20 20 20
   28.844  68 0D 3B A5 62 01 45 20 20 20 20 20 20 20 FD        RAD → GT        A5 62 01 45 20 20 20 20 20 20 20
   28.885  68 1A 3B A5 62 01 46 20 20 20 20 20 20 20 20 20 20 20 20 20 20 20 20 20 20 20 20 C9        RAD → GT        A5 62 01 46 20 20 20 20 20 20 20 20 20 20 20 20 20 20 20 20 20 20 20 20
   28.931  68 1A 3B A5 62 01 07 20 20 20 20 20 20 20 20 20 20 20 20 20 20 20 20 20 20 20 20 88        RAD → GT        A5 62 01 07 20 20 20 20 20 20 20 20 20 20 20 20 20 20 20 20 20 20 20 20
   28.957  68 12 3B 23 62 10 41 55 58 20 20 20 20 20 20 20 20 20 20 5C        RAD → GT        23 62 10 41 55 58 20 20 20 20 20 20 20 20 20 20
   28.967  68 04 3B 46 0C 1D                 RAD → GT        46 0C
   28.978  3B 05 68 22 00 06 72               GT → RAD       22 00 06
   28.993  F0 04 68 48 23 F7                BMBT → RAD       48 23  кнопка монитора: код 23
   29.121  F0 04 68 48 A3 77                BMBT → RAD       48 A3  кнопка монитора: код A3
   29.147  68 04 F0 4A 48 9E                 RAD → BMBT      4A 48
   29.163  F0 04 68 4B 05 D2                BMBT → RAD       4B 05
   29.188  68 0B 3B A5 62 01 41 20 46 4D 44 20 90        RAD → GT        A5 62 01 41 20 46 4D 44 20
   29.214  68 0B 3B A5 62 01 42 20 20 20 20 20 FC        RAD → GT        A5 62 01 42 20 20 20 20 20
   29.240  68 0B 3B A5 62 01 43 20 52 45 47 20 8D        RAD → GT        A5 62 01 43 20 52 45 47 20
   29.266  68 0B 3B A5 62 01 44 20 20 20 20 20 FA        RAD → GT        A5 62 01 44 20 20 20 20 20
   29.297  68 0D 3B A5 62 01 45 20 20 52 44 53 20 20 98        RAD → GT        A5 62 01 45 20 20 52 44 53 20 20
   29.338  68 1A 3B A5 62 01 46 20 20 20 20 20 20 20 20 20 20 20 20 20 20 20 20 20 20 20 20 C9        RAD → GT        A5 62 01 46 20 20 20 20 20 20 20 20 20 20 20 20 20 20 20 20 20 20 20 20
   29.384  68 1A 3B A5 62 01 07 20 20 20 20 20 20 20 20 20 20 20 20 20 20 20 20 20 20 20 20 88        RAD → GT        A5 62 01 07 20 20 20 20 20 20 20 20 20 20 20 20 20 20 20 20 20 20 20 20
   29.410  68 12 3B 23 62 10 03 31 30 31 2E 33 04 20 4D 48 7A 20 20 65        RAD → GT        23 62 10 03 31 30 31 2E 33 04 20 4D 48 7A 20 20
   29.426  68 06 3B D4 03 00 00 82           RAD → GT        D4 03 00 00
   29.441  3B 05 68 22 00 06 72               GT → RAD       22 00 06
   29.625  3B 04 68 D4 02 81                  GT → RAD       D4 02
   31.622  F0 04 68 48 23 F7                BMBT → RAD       48 23  кнопка монитора: код 23
   31.750  F0 04 68 48 A3 77                BMBT → RAD       48 A3  кнопка монитора: код A3
   31.792  68 0B 3B A5 62 01 41 20 20 20 20 20 FF        RAD → GT        A5 62 01 41 20 20 20 20 20
   31.817  68 0B 3B A5 62 01 42 20 20 20 20 20 FC        RAD → GT        A5 62 01 42 20 20 20 20 20
   31.843  68 0B 3B A5 62 01 43 20 20 20 20 20 FD        RAD → GT        A5 62 01 43 20 20 20 20 20
   31.869  68 0B 3B A5 62 01 44 20 20 20 20 20 FA        RAD → GT        A5 62 01 44 20 20 20 20 20
   31.900  68 0D 3B A5 62 01 45 44 6F 6C 62 79 20 43 E2        RAD → GT        A5 62 01 45 44 6F 6C 62 79 20 43
   31.941  68 1A 3B A5 62 01 46 20 20 20 20 20 20 20 20 20 20 20 20 20 20 20 20 20 20 20 20 C9        RAD → GT        A5 62 01 46 20 20 20 20 20 20 20 20 20 20 20 20 20 20 20 20 20 20 20 20
   31.987  68 1A 3B A5 62 01 07 20 20 20 20 20 20 20 20 20 20 20 20 20 20 20 20 20 20 20 20 88        RAD → GT        A5 62 01 07 20 20 20 20 20 20 20 20 20 20 20 20 20 20 20 20 20 20 20 20
   32.013  68 12 3B 23 62 10 4E 4F 20 54 41 50 45 20 20 20 20 20 20 31        RAD → GT        23 62 10 4E 4F 20 54 41 50 45 20 20 20 20 20 20
   32.024  68 04 3B 46 0C 1D                 RAD → GT        46 0C
   32.034  3B 05 68 22 00 06 72               GT → RAD       22 00 06
   32.132  68 04 3B 46 0C 1D                 RAD → GT        46 0C
   32.489  F0 04 68 48 23 F7                BMBT → RAD       48 23  кнопка монитора: код 23
   32.638  F0 04 68 48 A3 77                BMBT → RAD       48 A3  кнопка монитора: код A3
   32.648  68 04 F0 4A 48 9E                 RAD → BMBT      4A 48
   32.669  F0 04 68 4B 05 D2                BMBT → RAD       4B 05
   32.695  68 0B 3B A5 62 01 41 20 20 20 20 20 FF        RAD → GT        A5 62 01 41 20 20 20 20 20
   32.721  68 0B 3B A5 62 01 42 20 50 20 34 20 98        RAD → GT        A5 62 01 42 20 50 20 34 20
   32.746  68 0B 3B A5 62 01 43 20 20 20 20 20 FD        RAD → GT        A5 62 01 43 20 20 20 20 20
   32.772  68 0B 3B A5 62 01 44 20 20 20 20 20 FA        RAD → GT        A5 62 01 44 20 20 20 20 20
   32.803  68 0D 3B A5 62 01 45 20 20 20 20 20 20 20 FD        RAD → GT        A5 62 01 45 20 20 20 20 20 20 20
   32.849  68 1A 3B A5 62 01 46 20 20 20 20 20 20 20 20 20 20 20 20 20 20 20 20 20 20 20 20 C9        RAD → GT        A5 62 01 46 20 20 20 20 20 20 20 20 20 20 20 20 20 20 20 20 20 20 20 20
   32.890  68 1A 3B A5 62 01 07 20 20 20 20 20 20 20 20 20 20 20 20 20 20 20 20 20 20 20 20 88        RAD → GT        A5 62 01 07 20 20 20 20 20 20 20 20 20 20 20 20 20 20 20 20 20 20 20 20
   32.916  68 12 3B 23 62 10 41 55 58 20 20 20 20 20 20 20 20 20 20 5C        RAD → GT        23 62 10 41 55 58 20 20 20 20 20 20 20 20 20 20
   32.927  68 04 3B 46 0C 1D                 RAD → GT        46 0C
   32.937  3B 05 68 22 00 06 72               GT → RAD       22 00 06
   32.952  68 04 3B 46 0C 1D                 RAD → GT        46 0C
   33.356  68 03 6A 01 00                    RAD → DSP       01
   34.464  E8 05 D0 59 50 00 34               E8 → LCM_D0    59 50 00
   34.644  F0 03 68 01 9A                   BMBT → RAD       01
   34.654  68 04 BF 02 00 D1                 RAD → LCM       02 00
   35.043  F0 04 68 48 30 E4                BMBT → RAD       48 30  кнопка монитора: код 30
   35.058  68 04 3B 46 02 13                 RAD → GT        46 02
   35.069  68 04 3B 46 0C 1D                 RAD → GT        46 0C
   35.202  F0 04 68 48 B0 64                BMBT → RAD       48 B0  кнопка монитора: код B0
   35.269  7F 14 C8 A2 00 00 42 52 27 80 00 74 37 54 90 00 00 00 0D 3B 00 07        NAV → TEL       A2 00 00 42 52 27 80 00 74 37 54 90 00 00 00 0D 3B 00
   35.279  68 05 76 38 00 00 23              RAD → 76        38 00 00
   35.290  68 05 18 38 00 00 4D              RAD → CDC       38 00 00  радио → чейнджеру: статус
   35.341  7F 23 C8 A4 00 01 00 00 00 00 00 00 00 00 00 00 00 00 00 00 00 00 00 00 00 00 00 00 00 00 00 00 00 00 00 00 31        NAV → TEL       A4 00 01 00 00 00 00 00 00 00 00 00 00 00 00 00 00 00 00 00 00 00 00 00 00 00 00 00 00 00 00 00 00
   35.352  7F 04 43 AB 21 B2                 NAV → MENU      AB 21
   35.439  3B 03 F0 01 C9                     GT → BMBT      01
   35.454  F0 04 3B 02 30 FD                BMBT → GT        02 30
   37.545  F0 04 68 48 30 E4                BMBT → RAD       48 30  кнопка монитора: код 30
   37.632  68 0B 3B A5 62 01 41 20 20 20 20 20 FF        RAD → GT        A5 62 01 41 20 20 20 20 20
   37.658  68 0B 3B A5 62 01 42 20 50 20 34 20 98        RAD → GT        A5 62 01 42 20 50 20 34 20
   37.684  68 0B 3B A5 62 01 43 20 20 20 20 20 FD        RAD → GT        A5 62 01 43 20 20 20 20 20
   37.710  68 0B 3B A5 62 01 44 20 20 20 20 20 FA        RAD → GT        A5 62 01 44 20 20 20 20 20
   37.741  68 0D 3B A5 62 01 45 20 20 20 20 20 20 20 FD        RAD → GT        A5 62 01 45 20 20 20 20 20 20 20
   37.751  F0 04 68 48 B0 64                BMBT → RAD       48 B0  кнопка монитора: код B0
   37.798  68 1A 3B A5 62 01 46 20 20 20 20 20 20 20 20 20 20 20 20 20 20 20 20 20 20 20 20 C9        RAD → GT        A5 62 01 46 20 20 20 20 20 20 20 20 20 20 20 20 20 20 20 20 20 20 20 20
   37.844  68 1A 3B A5 62 01 07 20 20 20 20 20 20 20 20 20 20 20 20 20 20 20 20 20 20 20 20 88        RAD → GT        A5 62 01 07 20 20 20 20 20 20 20 20 20 20 20 20 20 20 20 20 20 20 20 20
   37.870  68 12 3B 23 62 10 41 55 58 20 20 20 20 20 20 20 20 20 20 5C        RAD → GT        23 62 10 41 55 58 20 20 20 20 20 20 20 20 20 20
   37.880  68 04 3B 46 0C 1D                 RAD → GT        46 0C
   37.891  3B 05 68 22 00 06 72               GT → RAD       22 00 06
   40.475  68 0B 3B A5 62 01 41 20 20 20 20 20 FF        RAD → GT        A5 62 01 41 20 20 20 20 20
   40.501  68 0B 3B A5 62 01 42 20 50 20 34 20 98        RAD → GT        A5 62 01 42 20 50 20 34 20
   40.527  68 0B 3B A5 62 01 43 20 20 20 20 20 FD        RAD → GT        A5 62 01 43 20 20 20 20 20
   40.553  68 0B 3B A5 62 01 44 20 20 20 20 20 FA        RAD → GT        A5 62 01 44 20 20 20 20 20
   40.584  68 0D 3B A5 62 01 45 20 20 20 20 20 20 20 FD        RAD → GT        A5 62 01 45 20 20 20 20 20 20 20
   40.630  68 1A 3B A5 62 01 46 20 20 20 20 20 20 20 20 20 20 20 20 20 20 20 20 20 20 20 20 C9        RAD → GT        A5 62 01 46 20 20 20 20 20 20 20 20 20 20 20 20 20 20 20 20 20 20 20 20
   40.671  68 1A 3B A5 62 01 07 20 20 20 20 20 20 20 20 20 20 20 20 20 20 20 20 20 20 20 20 88        RAD → GT        A5 62 01 07 20 20 20 20 20 20 20 20 20 20 20 20 20 20 20 20 20 20 20 20
   40.702  68 12 3B 23 62 10 41 55 58 20 20 20 20 20 20 20 20 20 20 5C        RAD → GT        23 62 10 41 55 58 20 20 20 20 20 20 20 20 20 20
   40.713  3B 05 68 22 00 06 72               GT → RAD       22 00 06
   40.723  68 04 3B 46 0C 1D                 RAD → GT        46 0C
   44.477  E8 05 D0 59 50 00 34               E8 → LCM_D0    59 50 00
   44.666  F0 03 68 01 9A                   BMBT → RAD       01
   44.677  68 04 BF 02 00 D1                 RAD → LCM       02 00
   45.280  3B 03 80 01 B9                     GT → IKE       01
   45.311  80 04 BF 02 00 39                 IKE → LCM       02 00
   53.354  68 03 6A 01 00                    RAD → DSP       01
   54.504  E8 05 D0 59 50 00 34               E8 → LCM_D0    59 50 00
   54.683  F0 03 68 01 9A                   BMBT → RAD       01
   54.693  68 04 BF 02 00 D1                 RAD → LCM       02 00
   55.256  68 05 76 38 00 00 23              RAD → 76        38 00 00
   55.267  68 05 18 38 00 00 4D              RAD → CDC       38 00 00  радио → чейнджеру: статус
   55.282  3B 03 C8 01 F1                     GT → TEL       01
   55.313  C8 04 3B 02 30 C5                 TEL → GT        02 30
