    4.958  F0 04 68 48 23 F7                BMBT → RAD       48 23  кнопка монитора: код 23
    5.020  F0 04 68 48 A3 77                BMBT → RAD       48 A3  кнопка монитора: код A3
    5.113  68 0B 3B A5 62 01 41 20 20 20 20 20 FF        RAD → GT        A5 62 01 41 20 20 20 20 20
    5.139  68 0B 3B A5 62 01 42 20 50 20 34 20 98        RAD → GT        A5 62 01 42 20 50 20 34 20
    5.165  68 0B 3B A5 62 01 43 20 20 20 20 20 FD        RAD → GT        A5 62 01 43 20 20 20 20 20
    5.191  68 0B 3B A5 62 01 44 20 20 20 20 20 FA        RAD → GT        A5 62 01 44 20 20 20 20 20
    5.221  68 0D 3B A5 62 01 45 20 20 20 20 20 20 20 FD        RAD → GT        A5 62 01 45 20 20 20 20 20 20 20
    5.263  68 1A 3B A5 62 01 46 20 20 20 20 20 20 20 20 20 20 20 20 20 20 20 20 20 20 20 20 C9        RAD → GT        A5 62 01 46 20 20 20 20 20 20 20 20 20 20 20 20 20 20 20 20 20 20 20 20
    5.309  68 1A 3B A5 62 01 07 20 20 20 20 20 20 20 20 20 20 20 20 20 20 20 20 20 20 20 20 88        RAD → GT        A5 62 01 07 20 20 20 20 20 20 20 20 20 20 20 20 20 20 20 20 20 20 20 20
    5.335  68 12 3B 23 62 10 41 55 58 20 20 20 20 20 20 20 20 20 20 5C        RAD → GT        23 62 10 41 55 58 20 20 20 20 20 20 20 20 20 20
    5.346  68 04 3B 46 0C 1D                 RAD → GT        46 0C
    5.356  3B 05 68 22 00 06 72               GT → RAD       22 00 06
    5.469  E8 05 D0 59 50 00 34               E8 → LCM_D0    59 50 00
    5.592  F0 03 68 01 9A                   BMBT → RAD       01
    5.602  68 04 BF 02 00 D1                 RAD → LCM       02 00
    6.368  68 03 6A 01 00                    RAD → DSP       01
    6.445  F0 04 68 48 23 F7                BMBT → RAD       48 23  кнопка монитора: код 23
    6.543  F0 04 68 48 A3 77                BMBT → RAD       48 A3  кнопка монитора: код A3
    6.574  68 04 F0 4A 48 9E                 RAD → BMBT      4A 48
    6.584  F0 04 68 4B 05 D2                BMBT → RAD       4B 05
    6.615  68 0B 3B A5 62 01 41 20 46 4D 44 20 90        RAD → GT        A5 62 01 41 20 46 4D 44 20
    6.641  68 0B 3B A5 62 01 42 20 20 20 20 20 FC        RAD → GT        A5 62 01 42 20 20 20 20 20
    6.667  68 0B 3B A5 62 01 43 20 52 45 47 20 8D        RAD → GT        A5 62 01 43 20 52 45 47 20
    6.690  68 0B 3B A5 62 01 44 20 20 20 20 20 FA        RAD → GT        A5 62 01 44 20 20 20 20 20
    6.721  68 0D 3B A5 62 01 45 20 20 52 44 53 20 20 98        RAD → GT        A5 62 01 45 20 20 52 44 53 20 20
    6.762  68 1A 3B A5 62 01 46 20 20 20 20 20 20 20 20 20 20 20 20 20 20 20 20 20 20 20 20 C9        RAD → GT        A5 62 01 46 20 20 20 20 20 20 20 20 20 20 20 20 20 20 20 20 20 20 20 20
    6.808  68 1A 3B A5 62 01 07 20 20 20 20 20 20 20 20 20 20 20 20 20 20 20 20 20 20 20 20 88        RAD → GT        A5 62 01 07 20 20 20 20 20 20 20 20 20 20 20 20 20 20 20 20 20 20 20 20
    6.834  68 12 3B 23 62 10 03 31 30 31 2E 33 04 20 4D 48 7A 20 20 65        RAD → GT        23 62 10 03 31 30 31 2E 33 04 20 4D 48 7A 20 20
    6.845  68 06 3B D4 03 00 00 82           RAD → GT        D4 03 00 00
    6.860  3B 05 68 22 00 06 72               GT → RAD       22 00 06
    7.039  3B 04 68 D4 02 81                  GT → RAD       D4 02
    7.469  3B 03 ED 01 D4                     GT → VM        01
    7.479  ED 04 3B 02 00 D0                  VM → GT        02 00
    7.796  7F 06 C8 A9 03 30 30 1B           NAV → TEL       A9 03 30 30
    7.883  7F 06 C8 A9 0A 30 30 12           NAV → TEL       A9 0A 30 30
    8.272  68 05 76 38 00 00 23              RAD → 76        38 00 00
    8.282  68 05 18 38 00 00 4D              RAD → CDC       38 00 00  радио → чейнджеру: статус
    8.390  F0 04 68 48 23 F7                BMBT → RAD       48 23  кнопка монитора: код 23
    8.472  F0 04 68 48 A3 77                BMBT → RAD       48 A3  кнопка монитора: код A3
    8.513  68 0B 3B A5 62 01 41 20 20 20 20 20 FF        RAD → GT        A5 62 01 41 20 20 20 20 20
    8.539  68 0B 3B A5 62 01 42 20 20 20 20 20 FC        RAD → GT        A5 62 01 42 20 20 20 20 20
    8.565  68 0B 3B A5 62 01 43 20 20 20 20 20 FD        RAD → GT        A5 62 01 43 20 20 20 20 20
    8.591  68 0B 3B A5 62 01 44 20 20 20 20 20 FA        RAD → GT        A5 62 01 44 20 20 20 20 20
    8.622  68 0D 3B A5 62 01 45 44 6F 6C 62 79 20 43 E2        RAD → GT        A5 62 01 45 44 6F 6C 62 79 20 43
    8.663  68 1A 3B A5 62 01 46 20 20 20 20 20 20 20 20 20 20 20 20 20 20 20 20 20 20 20 20 C9        RAD → GT        A5 62 01 46 20 20 20 20 20 20 20 20 20 20 20 20 20 20 20 20 20 20 20 20
    8.709  68 1A 3B A5 62 01 07 20 20 20 20 20 20 20 20 20 20 20 20 20 20 20 20 20 20 20 20 88        RAD → GT        A5 62 01 07 20 20 20 20 20 20 20 20 20 20 20 20 20 20 20 20 20 20 20 20
    8.735  68 12 3B 23 62 10 4E 4F 20 54 41 50 45 20 20 20 20 20 20 31        RAD → GT        23 62 10 4E 4F 20 54 41 50 45 20 20 20 20 20 20
    8.745  68 04 3B 46 0C 1D                 RAD → GT        46 0C
    8.756  3B 05 68 22 00 06 72               GT → RAD       22 00 06
    9.471  F0 04 68 48 23 F7                BMBT → RAD       48 23  кнопка монитора: код 23
    9.568  F0 04 68 48 A3 77                BMBT → RAD       48 A3  кнопка монитора: код A3
    9.650  68 04 3B 46 0C 1D                 RAD → GT        46 0C
    9.661  68 04 F0 4A 48 9E                 RAD → BMBT      4A 48
    9.671  F0 04 68 4B 05 D2                BMBT → RAD       4B 05
    9.871  68 0B 3B A5 62 01 41 20 20 20 20 20 FF        RAD → GT        A5 62 01 41 20 20 20 20 20
    9.897  68 0B 3B A5 62 01 42 20 50 20 34 20 98        RAD → GT        A5 62 01 42 20 50 20 34 20
    9.923  68 0B 3B A5 62 01 43 20 20 20 20 20 FD        RAD → GT        A5 62 01 43 20 20 20 20 20
    9.948  68 0B 3B A5 62 01 44 20 20 20 20 20 FA        RAD → GT        A5 62 01 44 20 20 20 20 20
    9.974  68 0D 3B A5 62 01 45 20 20 20 20 20 20 20 FD        RAD → GT        A5 62 01 45 20 20 20 20 20 20 20
   10.022  68 1A 3B A5 62 01 46 20 20 20 20 20 20 20 20 20 20 20 20 20 20 20 20 20 20 20 20 C9        RAD → GT        A5 62 01 46 20 20 20 20 20 20 20 20 20 20 20 20 20 20 20 20 20 20 20 20
   10.068  68 1A 3B A5 62 01 07 20 20 20 20 20 20 20 20 20 20 20 20 20 20 20 20 20 20 20 20 88        RAD → GT        A5 62 01 07 20 20 20 20 20 20 20 20 20 20 20 20 20 20 20 20 20 20 20 20
   10.094  68 12 3B 23 62 10 41 55 58 20 20 20 20 20 20 20 20 20 20 5C        RAD → GT        23 62 10 41 55 58 20 20 20 20 20 20 20 20 20 20
   10.105  3B 05 68 22 00 06 72               GT → RAD       22 00 06
   10.115  68 04 3B 46 0C 1D                 RAD → GT        46 0C
   15.491  E8 05 D0 59 50 00 34               E8 → LCM_D0    59 50 00
   15.609  F0 03 68 01 9A                   BMBT → RAD       01
   15.619  68 04 BF 02 00 D1                 RAD → LCM       02 00
   17.371  68 04 3B 46 02 13                 RAD → GT        46 02
   17.382  68 04 3B 46 0C 1D                 RAD → GT        46 0C
   17.521  3B 03 F0 01 C9                     GT → BMBT      01
   17.537  F0 04 3B 02 30 FD                BMBT → GT        02 30
   17.946  7F 06 C8 A9 03 30 30 1B           NAV → TEL       A9 03 30 30
   18.074  7F 06 C8 A9 0A 30 30 12           NAV → TEL       A9 0A 30 30
   18.115  7F 14 C8 A2 00 00 42 52 27 80 00 74 37 54 90 00 00 00 0D 27 00 1B        NAV → TEL       A2 00 00 42 52 27 80 00 74 37 54 90 00 00 00 0D 27 00
   18.167  7F 23 C8 A4 00 01 00 00 00 00 00 00 00 00 00 00 00 00 00 00 00 00 00 00 00 00 00 00 00 00 00 00 00 00 00 00 31        NAV → TEL       A4 00 01 00 00 00 00 00 00 00 00 00 00 00 00 00 00 00 00 00 00 00 00 00 00 00 00 00 00 00 00 00 00
   18.357  7F 0B 80 1F 40 07 39 14 00 02 20 07 A4        NAV → IKE       1F 40 07 39 14 00 02 20 07
   25.514  E8 05 D0 59 50 00 34               E8 → LCM_D0    59 50 00
   25.627  F0 03 68 01 9A                   BMBT → RAD       01
   25.643  68 04 BF 02 00 D1                 RAD → LCM       02 00
   26.378  68 03 6A 01 00                    RAD → DSP       01
   27.483  3B 03 80 01 B9                     GT → IKE       01
   27.514  80 04 BF 02 00 39                 IKE → LCM       02 00
   28.005  7F 06 C8 A9 03 30 30 1B           NAV → TEL       A9 03 30 30
   28.092  7F 06 C8 A9 0A 30 30 12           NAV → TEL       A9 0A 30 30
   28.271  68 05 76 38 00 00 23              RAD → 76        38 00 00
   28.287  68 05 18 38 00 00 4D              RAD → CDC       38 00 00  радио → чейнджеру: статус
   34.837  80 0C E7 24 01 00 31 33 3A 34 30 20 20 72        IKE → OBC_TEXT  24 01 00 31 33 3A 34 30 20 20
   35.522  E8 05 D0 59 50 00 34               E8 → LCM_D0    59 50 00
   35.645  F0 03 68 01 9A                   BMBT → RAD       01
   35.655  68 04 BF 02 00 D1                 RAD → LCM       02 00
   38.112  7F 06 C8 A9 03 30 30 1B           NAV → TEL       A9 03 30 30
   38.199  7F 06 C8 A9 0A 30 30 12           NAV → TEL       A9 0A 30 30
   45.543  E8 05 D0 59 50 00 34               E8 → LCM_D0    59 50 00
   45.666  F0 03 68 01 9A                   BMBT → RAD       01
   45.676  68 04 BF 02 00 D1                 RAD → LCM       02 00
   46.377  68 03 6A 01 00                    RAD → DSP       01
   47.496  3B 03 C8 01 F1                     GT → TEL       01
   47.527  C8 04 3B 02 30 C5                 TEL → GT        02 30
   48.090  7F 14 C8 A2 00 00 42 52 27 80 00 74 37 54 90 00 00 00 0D 28 00 14        NAV → TEL       A2 00 00 42 52 27 80 00 74 37 54 90 00 00 00 0D 28 00
   48.142  7F 23 C8 A4 00 01 00 00 00 00 00 00 00 00 00 00 00 00 00 00 00 00 00 00 00 00 00 00 00 00 00 00 00 00 00 00 31        NAV → TEL       A4 00 01 00 00 00 00 00 00 00 00 00 00 00 00 00 00 00 00 00 00 00 00 00 00 00 00 00 00 00 00 00 00
   48.275  68 05 76 38 00 00 23              RAD → 76        38 00 00
   48.285  68 05 18 38 00 00 4D              RAD → CDC       38 00 00  радио → чейнджеру: статус
   55.560  E8 05 D0 59 50 00 34               E8 → LCM_D0    59 50 00
   55.683  F0 03 68 01 9A                   BMBT → RAD       01
   55.693  68 04 BF 02 00 D1                 RAD → LCM       02 00
   57.509  3B 03 ED 01 D4                     GT → VM        01
   57.520  ED 04 3B 02 00 D0                  VM → GT        02 00
   65.591  E8 05 D0 59 50 00 34               E8 → LCM_D0    59 50 00
   65.703  F0 03 68 01 9A                   BMBT → RAD       01
   65.714  68 04 BF 02 00 D1                 RAD → LCM       02 00
   66.378  68 03 6A 01 00                    RAD → DSP       01
   67.512  3B 03 F0 01 C9                     GT → BMBT      01
   67.528  F0 04 3B 02 30 FD                BMBT → GT        02 30
   68.279  68 05 76 38 00 00 23              RAD → 76        38 00 00
   68.290  68 05 18 38 00 00 4D              RAD → CDC       38 00 00  радио → чейнджеру: статус
   75.020  80 0A BF 17 34 EB 04 80 1F 32 CC 98        IKE → LCM       17 34 EB 04 80 1F 32 CC
   75.598  E8 05 D0 59 50 00 34               E8 → LCM_D0    59 50 00
   75.721  F0 03 68 01 9A                   BMBT → RAD       01
   75.731  68 04 BF 02 00 D1                 RAD → LCM       02 00
   77.520  3B 03 80 01 B9                     GT → IKE       01
   77.546  80 04 BF 02 00 39                 IKE → LCM       02 00
   78.103  7F 14 C8 A2 00 00 42 52 27 80 00 74 37 54 90 00 00 00 0D 28 00 14        NAV → TEL       A2 00 00 42 52 27 80 00 74 37 54 90 00 00 00 0D 28 00
   78.154  7F 23 C8 A4 00 01 00 00 00 00 00 00 00 00 00 00 00 00 00 00 00 00 00 00 00 00 00 00 00 00 00 00 00 00 00 00 31        NAV → TEL       A4 00 01 00 00 00 00 00 00 00 00 00 00 00 00 00 00 00 00 00 00 00 00 00 00 00 00 00 00 00 00 00 00
   78.957  7F 0B 80 1F 40 07 40 14 00 02 20 07 DD        NAV → IKE       1F 40 07 40 14 00 02 20 07
   85.612  E8 05 D0 59 50 00 34               E8 → LCM_D0    59 50 00
   85.741  F0 03 68 01 9A                   BMBT → RAD       01
   85.751  68 04 BF 02 00 D1                 RAD → LCM       02 00
   86.380  68 03 6A 01 00                    RAD → DSP       01
   87.525  3B 03 C8 01 F1                     GT → TEL       01
   87.556  C8 04 3B 02 30 C5                 TEL → GT        02 30
   88.281  68 05 76 38 00 00 23              RAD → 76        38 00 00
   88.292  68 05 18 38 00 00 4D              RAD → CDC       38 00 00  радио → чейнджеру: статус
   94.876  80 0C E7 24 01 00 31 33 3A 34 31 20 20 73        IKE → OBC_TEXT  24 01 00 31 33 3A 34 31 20 20
   95.638  E8 05 D0 59 50 00 34               E8 → LCM_D0    59 50 00
   95.755  F0 03 68 01 9A                   BMBT → RAD       01
   95.771  68 04 BF 02 00 D1                 RAD → LCM       02 00
   97.539  3B 03 ED 01 D4                     GT → VM        01
   97.544  ED 04 3B 02 00 D0                  VM → GT        02 00
  103.787  F0 04 FF 48 34 77                BMBT → BROADCAST 48 34  кнопка монитора: код 34
  103.915  F0 04 FF 48 B4 F7                BMBT → BROADCAST 48 B4  кнопка монитора: код B4
  104.038  7F 04 43 AB 21 B2                 NAV → MENU      AB 21
  105.657  E8 05 D0 59 50 00 34               E8 → LCM_D0    59 50 00
  105.668  F0 04 3B 49 81 07                BMBT → GT        49 81  крутилка монитора: вправо на 1
  105.775  F0 03 68 01 9A                   BMBT → RAD       01
  105.791  68 04 BF 02 00 D1                 RAD → LCM       02 00
  106.384  68 03 6A 01 00                    RAD → DSP       01
  106.829  F0 04 3B 48 05 82                BMBT → GT        48 05  кнопка монитора: код 05
  106.942  F0 04 3B 48 85 02                BMBT → GT        48 85  кнопка монитора: код 85
  107.116  3B 05 BB 4F 01 00 CB               GT → TV        4F 01 00
  107.137  3B 05 68 4E 01 00 19               GT → RAD       4E 01 00
  107.152  68 04 F0 4A 48 9E                 RAD → BMBT      4A 48
  107.163  68 04 F0 4A 48 9E                 RAD → BMBT      4A 48
  107.173  F0 04 68 4B 05 D2                BMBT → RAD       4B 05
  107.184  F0 04 68 4B 05 D2                BMBT → RAD       4B 05
  107.536  ED 05 F0 4F 11 12 54               VM → BMBT      4F 11 12  монитор: включён, источник TV, 16:9, PAL
  107.547  3B 03 F0 01 C9                     GT → BMBT      01
  107.562  F0 04 3B 02 30 FD                BMBT → GT        02 30
  108.104  7F 14 C8 A2 00 00 42 52 27 80 00 74 37 54 90 00 00 00 0D 29 00 15        NAV → TEL       A2 00 00 42 52 27 80 00 74 37 54 90 00 00 00 0D 29 00
  108.156  7F 23 C8 A4 00 01 00 00 00 00 00 00 00 00 00 00 00 00 00 00 00 00 00 00 00 00 00 00 00 00 00 00 00 00 00 00 31        NAV → TEL       A4 00 01 00 00 00 00 00 00 00 00 00 00 00 00 00 00 00 00 00 00 00 00 00 00 00 00 00 00 00 00 00 00
  108.284  68 05 76 38 00 00 23              RAD → 76        38 00 00
  108.294  68 05 18 38 00 00 4D              RAD → CDC       38 00 00  радио → чейнджеру: статус
  115.680  E8 05 D0 59 50 00 34               E8 → LCM_D0    59 50 00
  115.798  F0 03 68 01 9A                   BMBT → RAD       01
  115.808  68 04 BF 02 00 D1                 RAD → LCM       02 00
  117.551  3B 03 80 01 B9                     GT → IKE       01
  117.572  80 04 BF 02 00 39                 IKE → LCM       02 00
  125.700  E8 05 D0 59 50 00 34               E8 → LCM_D0    59 50 00
  125.813  F0 03 68 01 9A                   BMBT → RAD       01
  125.829  68 04 BF 02 00 D1                 RAD → LCM       02 00
  126.381  68 03 6A 01 00                    RAD → DSP       01
  127.572  3B 03 C8 01 F1                     GT → TEL       01
  127.603  C8 04 3B 02 30 C5                 TEL → GT        02 30
  128.282  68 05 76 38 00 00 23              RAD → 76        38 00 00
  128.298  68 05 18 38 00 00 4D              RAD → CDC       38 00 00  радио → чейнджеру: статус
  135.719  E8 05 D0 59 50 00 34               E8 → LCM_D0    59 50 00
  135.832  F0 03 68 01 9A                   BMBT → RAD       01
  135.848  68 04 BF 02 00 D1                 RAD → LCM       02 00
  137.585  3B 03 ED 01 D4                     GT → VM        01
  137.591  ED 04 3B 02 00 D0                  VM → GT        02 00
  138.112  7F 14 C8 A2 00 00 42 52 27 80 00 74 37 54 90 00 00 00 0D 29 00 15        NAV → TEL       A2 00 00 42 52 27 80 00 74 37 54 90 00 00 00 0D 29 00
  138.164  7F 23 C8 A4 00 01 00 00 00 00 00 00 00 00 00 00 00 00 00 00 00 00 00 00 00 00 00 00 00 00 00 00 00 00 00 00 31        NAV → TEL       A4 00 01 00 00 00 00 00 00 00 00 00 00 00 00 00 00 00 00 00 00 00 00 00 00 00 00 00 00 00 00 00 00
  138.797  7F 0B 80 1F 40 07 41 14 00 02 20 07 DC        NAV → IKE       1F 40 07 41 14 00 02 20 07
  145.731  E8 05 D0 59 50 00 34               E8 → LCM_D0    59 50 00
  145.854  F0 03 68 01 9A                   BMBT → RAD       01
  145.865  68 04 BF 02 00 D1                 RAD → LCM       02 00
  146.381  68 03 6A 01 00                    RAD → DSP       01
  147.588  3B 03 F0 01 C9                     GT → BMBT      01
  147.599  F0 04 3B 02 30 FD                BMBT → GT        02 30
  148.289  68 05 76 38 00 00 23              RAD → 76        38 00 00
  148.300  68 05 18 38 00 00 4D              RAD → CDC       38 00 00  радио → чейнджеру: статус
  154.829  80 0C E7 24 01 00 31 33 3A 34 32 20 20 70        IKE → OBC_TEXT  24 01 00 31 33 3A 34 32 20 20
  155.745  E8 05 D0 59 50 00 34               E8 → LCM_D0    59 50 00
  155.873  F0 03 68 01 9A                   BMBT → RAD       01
  155.884  68 04 BF 02 00 D1                 RAD → LCM       02 00
  157.596  3B 03 80 01 B9                     GT → IKE       01
  157.627  80 04 BF 02 00 39                 IKE → LCM       02 00
  157.704  7F 06 C8 A9 0A 30 30 12           NAV → TEL       A9 0A 30 30
  157.796  7F 06 C8 A9 03 30 30 1B           NAV → TEL       A9 03 30 30
  160.432  F0 04 68 48 30 E4                BMBT → RAD       48 30  кнопка монитора: код 30
  160.448  68 04 F0 4A 48 9E                 RAD → BMBT      4A 48
  160.464  F0 04 68 4B 05 D2                BMBT → RAD       4B 05
  160.530  68 0B 3B A5 62 01 41 20 20 20 20 20 FF        RAD → GT        A5 62 01 41 20 20 20 20 20
  160.556  68 0B 3B A5 62 01 42 20 50 20 34 20 98        RAD → GT        A5 62 01 42 20 50 20 34 20
  160.567  F0 04 68 48 B0 64                BMBT → RAD       48 B0  кнопка монитора: код B0
  160.598  68 0B 3B A5 62 01 43 20 20 20 20 20 FD        RAD → GT        A5 62 01 43 20 20 20 20 20
  160.623  68 0B 3B A5 62 01 44 20 20 20 20 20 FA        RAD → GT        A5 62 01 44 20 20 20 20 20
  160.649  68 0D 3B A5 62 01 45 20 20 20 20 20 20 20 FD        RAD → GT        A5 62 01 45 20 20 20 20 20 20 20
  160.695  68 1A 3B A5 62 01 46 20 20 20 20 20 20 20 20 20 20 20 20 20 20 20 20 20 20 20 20 C9        RAD → GT        A5 62 01 46 20 20 20 20 20 20 20 20 20 20 20 20 20 20 20 20 20 20 20 20
  160.742  68 1A 3B A5 62 01 07 20 20 20 20 20 20 20 20 20 20 20 20 20 20 20 20 20 20 20 20 88        RAD → GT        A5 62 01 07 20 20 20 20 20 20 20 20 20 20 20 20 20 20 20 20 20 20 20 20
  160.767  68 12 3B 23 62 10 41 55 58 20 20 20 20 20 20 20 20 20 20 5C        RAD → GT        23 62 10 41 55 58 20 20 20 20 20 20 20 20 20 20
  160.778  68 04 3B 46 0C 1D                 RAD → GT        46 0C
  160.788  3B 05 68 22 00 06 72               GT → RAD       22 00 06
  160.799  68 04 3B 46 0C 1D                 RAD → GT        46 0C
  160.957  3B 05 BB 4F 02 00 C8               GT → TV        4F 02 00
  160.973  3B 05 68 4E 00 00 18               GT → RAD       4E 00 00
  160.988  68 04 F0 4A 48 9E                 RAD → BMBT      4A 48
  160.999  68 04 3B 46 0C 1D                 RAD → GT        46 0C
  161.010  F0 04 68 4B 05 D2                BMBT → RAD       4B 05
  161.046  ED 05 F0 4F 12 11 54               VM → BMBT      4F 12 11  монитор: включён, источник видео GT, 16:9, NTSC
  161.143  68 04 3B 46 0C 1D                 RAD → GT        46 0C
  165.770  E8 05 D0 59 50 00 34               E8 → LCM_D0    59 50 00
  165.893  F0 03 68 01 9A                   BMBT → RAD       01
  165.904  68 04 BF 02 00 D1                 RAD → LCM       02 00
  166.389  68 03 6A 01 00                    RAD → DSP       01
  166.846  F0 04 68 48 30 E4                BMBT → RAD       48 30  кнопка монитора: код 30
  166.862  68 04 3B 46 02 13                 RAD → GT        46 02
  166.872  68 04 3B 46 0C 1D                 RAD → GT        46 0C
  166.883  F0 04 68 48 B0 64                BMBT → RAD       48 B0  кнопка монитора: код B0
  166.929  F0 04 68 48 30 E4                BMBT → RAD       48 30  кнопка монитора: код 30
  166.990  F0 04 68 48 B0 64                BMBT → RAD       48 B0  кнопка монитора: код B0
  167.021  68 0B 3B A5 62 01 41 20 20 20 20 20 FF        RAD → GT        A5 62 01 41 20 20 20 20 20
  167.047  68 0B 3B A5 62 01 42 20 50 20 34 20 98        RAD → GT        A5 62 01 42 20 50 20 34 20
  167.073  68 0B 3B A5 62 01 43 20 20 20 20 20 FD        RAD → GT        A5 62 01 43 20 20 20 20 20
  167.083  3B 05 BB 4F 01 00 CB               GT → TV        4F 01 00
  167.114  68 0B 3B A5 62 01 44 20 20 20 20 20 FA        RAD → GT        A5 62 01 44 20 20 20 20 20
  167.140  68 0D 3B A5 62 01 45 20 20 20 20 20 20 20 FD        RAD → GT        A5 62 01 45 20 20 20 20 20 20 20
  167.186  68 1A 3B A5 62 01 46 20 20 20 20 20 20 20 20 20 20 20 20 20 20 20 20 20 20 20 20 C9        RAD → GT        A5 62 01 46 20 20 20 20 20 20 20 20 20 20 20 20 20 20 20 20 20 20 20 20
  167.202  3B 05 68 4E 01 00 19               GT → RAD       4E 01 00
  167.243  68 1A 3B A5 62 01 07 20 20 20 20 20 20 20 20 20 20 20 20 20 20 20 20 20 20 20 20 88        RAD → GT        A5 62 01 07 20 20 20 20 20 20 20 20 20 20 20 20 20 20 20 20 20 20 20 20
  167.274  68 12 3B 23 62 10 41 55 58 20 20 20 20 20 20 20 20 20 20 5C        RAD → GT        23 62 10 41 55 58 20 20 20 20 20 20 20 20 20 20
  167.285  68 04 3B 46 0C 1D                 RAD → GT        46 0C
  167.295  3B 05 68 22 00 06 72               GT → RAD       22 00 06
  167.305  68 04 F0 4A 48 9E                 RAD → BMBT      4A 48
  167.316  68 04 F0 4A 48 9E                 RAD → BMBT      4A 48
  167.326  F0 04 68 4B 05 D2                BMBT → RAD       4B 05
  167.336  F0 04 68 4B 05 D2                BMBT → RAD       4B 05
  167.352  68 04 3B 46 0C 1D                 RAD → GT        46 0C
  167.505  3B 05 BB 4F 02 00 C8               GT → TV        4F 02 00
  167.516  ED 05 F0 4F 11 12 54               VM → BMBT      4F 11 12  монитор: включён, источник TV, 16:9, PAL
  167.526  3B 05 68 4E 00 00 18               GT → RAD       4E 00 00
  167.542  68 04 F0 4A 48 9E                 RAD → BMBT      4A 48
  167.552  68 04 3B 46 0C 1D                 RAD → GT        46 0C
  167.563  F0 04 68 4B 05 D2                BMBT → RAD       4B 05
  167.609  3B 03 C8 01 F1                     GT → TEL       01
  167.640  C8 04 3B 02 30 C5                 TEL → GT        02 30
  167.681  ED 05 F0 4F 12 11 54               VM → BMBT      4F 12 11  монитор: включён, источник видео GT, 16:9, NTSC
  167.697  68 04 3B 46 0C 1D                 RAD → GT        46 0C
  167.799  7F 06 C8 A9 03 30 30 1B           NAV → TEL       A9 03 30 30
  167.886  7F 06 C8 A9 0A 30 30 12           NAV → TEL       A9 0A 30 30
  168.116  7F 14 C8 A2 00 00 42 52 27 80 00 74 37 54 90 00 00 00 0D 2A 00 16        NAV → TEL       A2 00 00 42 52 27 80 00 74 37 54 90 00 00 00 0D 2A 00
  168.168  7F 23 C8 A4 00 01 00 00 00 00 00 00 00 00 00 00 00 00 00 00 00 00 00 00 00 00 00 00 00 00 00 00 00 00 00 00 31        NAV → TEL       A4 00 01 00 00 00 00 00 00 00 00 00 00 00 00 00 00 00 00 00 00 00 00 00 00 00 00 00 00 00 00 00 00
  168.291  68 05 76 38 00 00 23              RAD → 76        38 00 00
  168.302  68 05 18 38 00 00 4D              RAD → CDC       38 00 00  радио → чейнджеру: статус
  168.711  F0 04 68 48 30 E4                BMBT → RAD       48 30  кнопка монитора: код 30
  168.721  68 04 3B 46 02 13                 RAD → GT        46 02
  168.732  68 04 3B 46 0C 1D                 RAD → GT        46 0C
  168.808  F0 04 68 48 B0 64                BMBT → RAD       48 B0  кнопка монитора: код B0
  168.931  3B 05 BB 4F 01 00 CB               GT → TV        4F 01 00
  168.947  3B 05 68 4E 01 00 19               GT → RAD       4E 01 00
  168.963  68 04 F0 4A 48 9E                 RAD → BMBT      4A 48
  168.973  68 04 F0 4A 48 9E                 RAD → BMBT      4A 48
  168.983  F0 04 68 4B 05 D2                BMBT → RAD       4B 05
  168.989  F0 04 68 4B 05 D2                BMBT → RAD       4B 05
  169.444  ED 05 F0 4F 11 12 54               VM → BMBT      4F 11 12  монитор: включён, источник TV, 16:9, PAL
  170.032  F0 04 68 48 23 F7                BMBT → RAD       48 23  кнопка монитора: код 23
  170.196  F0 04 68 48 A3 77                BMBT → RAD       48 A3  кнопка монитора: код A3
  170.819  F0 04 68 48 23 F7                BMBT → RAD       48 23  кнопка монитора: код 23
  170.948  F0 04 68 48 A3 77                BMBT → RAD       48 A3  кнопка монитора: код A3
  171.065  F0 04 68 48 23 F7                BMBT → RAD       48 23  кнопка монитора: код 23
  171.193  F0 04 68 48 A3 77                BMBT → RAD       48 A3  кнопка монитора: код A3
  171.296  F0 04 68 48 23 F7                BMBT → RAD       48 23  кнопка монитора: код 23
  171.393  F0 04 68 48 A3 77                BMBT → RAD       48 A3  кнопка монитора: код A3
  171.491  F0 04 68 48 23 F7                BMBT → RAD       48 23  кнопка монитора: код 23
  171.573  F0 04 68 48 A3 77                BMBT → RAD       48 A3  кнопка монитора: код A3
  171.686  F0 04 68 48 23 F7                BMBT → RAD       48 23  кнопка монитора: код 23
  171.752  F0 04 68 48 A3 77                BMBT → RAD       48 A3  кнопка монитора: код A3
  171.850  F0 04 68 48 23 F7                BMBT → RAD       48 23  кнопка монитора: код 23
  171.932  F0 04 68 48 A3 77                BMBT → RAD       48 A3  кнопка монитора: код A3
  172.014  F0 04 68 48 23 F7                BMBT → RAD       48 23  кнопка монитора: код 23
  172.096  F0 04 68 48 A3 77                BMBT → RAD       48 A3  кнопка монитора: код A3
  172.178  F0 04 68 48 23 F7                BMBT → RAD       48 23  кнопка монитора: код 23
  172.260  F0 04 68 48 A3 77                BMBT → RAD       48 A3  кнопка монитора: код A3
  172.357  F0 04 68 48 23 F7                BMBT → RAD       48 23  кнопка монитора: код 23
  172.439  F0 04 68 48 A3 77                BMBT → RAD       48 A3  кнопка монитора: код A3
  172.542  F0 04 68 48 23 F7                BMBT → RAD       48 23  кнопка монитора: код 23
  172.603  F0 04 68 48 A3 77                BMBT → RAD       48 A3  кнопка монитора: код A3
  172.701  F0 04 68 48 23 F7                BMBT → RAD       48 23  кнопка монитора: код 23
  172.783  F0 04 68 48 A3 77                BMBT → RAD       48 A3  кнопка монитора: код A3
  172.865  F0 04 68 48 23 F7                BMBT → RAD       48 23  кнопка монитора: код 23
  172.952  F0 04 68 48 A3 77                BMBT → RAD       48 A3  кнопка монитора: код A3
  173.013  F0 04 68 48 23 F7                BMBT → RAD       48 23  кнопка монитора: код 23
  173.225  F0 04 68 48 A3 77                BMBT → RAD       48 A3  кнопка монитора: код A3
  175.774  E8 05 D0 59 50 00 34               E8 → LCM_D0    59 50 00
  175.907  F0 03 68 01 9A                   BMBT → RAD       01
  175.923  68 04 BF 02 00 D1                 RAD → LCM       02 00
  177.615  3B 03 ED 01 D4                     GT → VM        01
  177.620  ED 04 3B 02 00 D0                  VM → GT        02 00
  177.897  7F 06 C8 A9 03 30 30 1B           NAV → TEL       A9 03 30 30
  177.989  7F 06 C8 A9 0A 30 30 12           NAV → TEL       A9 0A 30 30
  185.801  E8 05 D0 59 50 00 34               E8 → LCM_D0    59 50 00
  185.929  F0 03 68 01 9A                   BMBT → RAD       01
  185.940  68 04 BF 02 00 D1                 RAD → LCM       02 00
  186.389  68 03 6A 01 00                    RAD → DSP       01
  187.631  3B 03 F0 01 C9                     GT → BMBT      01
  187.647  F0 04 3B 02 30 FD                BMBT → GT        02 30
  187.989  7F 06 C8 A9 03 30 30 1B           NAV → TEL       A9 03 30 30
  188.082  7F 06 C8 A9 0A 30 30 12           NAV → TEL       A9 0A 30 30
  188.296  68 05 76 38 00 00 23              RAD → 76        38 00 00
  188.307  68 05 18 38 00 00 4D              RAD → CDC       38 00 00  радио → чейнджеру: статус
  195.815  E8 05 D0 59 50 00 34               E8 → LCM_D0    59 50 00
  195.948  F0 03 68 01 9A                   BMBT → RAD       01
  195.958  68 04 BF 02 00 D1                 RAD → LCM       02 00
  197.404  7F 0B 80 1F 40 07 42 14 00 02 20 07 DF        NAV → IKE       1F 40 07 42 14 00 02 20 07
  197.619  3B 03 80 01 B9                     GT → IKE       01
  197.645  80 04 BF 02 00 39                 IKE → LCM       02 00
  198.100  7F 06 C8 A9 03 30 30 1B           NAV → TEL       A9 03 30 30
  198.187  7F 06 C8 A9 0A 30 30 12           NAV → TEL       A9 0A 30 30
  198.223  7F 14 C8 A2 00 00 42 52 27 80 00 74 37 54 90 00 00 00 0D 2A 00 16        NAV → TEL       A2 00 00 42 52 27 80 00 74 37 54 90 00 00 00 0D 2A 00
  198.275  7F 23 C8 A4 00 01 00 00 00 00 00 00 00 00 00 00 00 00 00 00 00 00 00 00 00 00 00 00 00 00 00 00 00 00 00 00 31        NAV → TEL       A4 00 01 00 00 00 00 00 00 00 00 00 00 00 00 00 00 00 00 00 00 00 00 00 00 00 00 00 00 00 00 00 00
  205.836  E8 05 D0 59 50 00 34               E8 → LCM_D0    59 50 00
  205.964  F0 03 68 01 9A                   BMBT → RAD       01
  205.980  68 04 BF 02 00 D1                 RAD → LCM       02 00
  206.394  68 03 6A 01 00                    RAD → DSP       01
  207.632  3B 03 C8 01 F1                     GT → TEL       01
  207.663  C8 04 3B 02 30 C5                 TEL → GT        02 30
  208.297  68 05 76 38 00 00 23              RAD → 76        38 00 00
  208.308  68 05 18 38 00 00 4D              RAD → CDC       38 00 00  радио → чейнджеру: статус
  214.883  80 0C E7 24 01 00 31 33 3A 34 33 20 20 71        IKE → OBC_TEXT  24 01 00 31 33 3A 34 33 20 20
  215.854  E8 05 D0 59 50 00 34               E8 → LCM_D0    59 50 00
  215.982  F0 03 68 01 9A                   BMBT → RAD       01
  215.998  68 04 BF 02 00 D1                 RAD → LCM       02 00
  217.634  3B 03 ED 01 D4                     GT → VM        01
  217.640  ED 04 3B 02 00 D0                  VM → GT        02 00
  225.870  E8 05 D0 59 50 00 34               E8 → LCM_D0    59 50 00
  226.003  F0 03 68 01 9A                   BMBT → RAD       01
  226.013  68 04 BF 02 00 D1                 RAD → LCM       02 00
  226.397  68 03 6A 01 00                    RAD → DSP       01
  227.654  3B 03 F0 01 C9                     GT → BMBT      01
  227.665  F0 04 3B 02 30 FD                BMBT → GT        02 30
  228.124  7F 14 C8 A2 00 00 42 52 27 80 00 74 37 54 90 00 00 00 0D 2B 00 17        NAV → TEL       A2 00 00 42 52 27 80 00 74 37 54 90 00 00 00 0D 2B 00
  228.176  7F 23 C8 A4 00 01 00 00 00 00 00 00 00 00 00 00 00 00 00 00 00 00 00 00 00 00 00 00 00 00 00 00 00 00 00 00 31        NAV → TEL       A4 00 01 00 00 00 00 00 00 00 00 00 00 00 00 00 00 00 00 00 00 00 00 00 00 00 00 00 00 00 00 00 00
  228.299  68 05 76 38 00 00 23              RAD → 76        38 00 00
  228.310  68 05 18 38 00 00 4D              RAD → CDC       38 00 00  радио → чейнджеру: статус
  235.895  E8 05 D0 59 50 00 34               E8 → LCM_D0    59 50 00
  236.023  F0 03 68 01 9A                   BMBT → RAD       01
  236.034  68 04 BF 02 00 D1                 RAD → LCM       02 00
  237.653  3B 03 80 01 B9                     GT → IKE       01
  237.679  80 04 BF 02 00 39                 IKE → LCM       02 00
  245.904  E8 05 D0 59 50 00 34               E8 → LCM_D0    59 50 00
  246.042  F0 03 68 01 9A                   BMBT → RAD       01
  246.052  68 04 BF 02 00 D1                 RAD → LCM       02 00
  246.395  68 03 6A 01 00                    RAD → DSP       01
  247.657  3B 03 C8 01 F1                     GT → TEL       01
  247.688  C8 04 3B 02 30 C5                 TEL → GT        02 30
  248.302  68 05 76 38 00 00 23              RAD → 76        38 00 00
  248.312  68 05 18 38 00 00 4D              RAD → CDC       38 00 00  радио → чейнджеру: статус
  255.917  E8 05 D0 59 50 00 34               E8 → LCM_D0    59 50 00
  256.061  F0 03 68 01 9A                   BMBT → RAD       01
  256.071  68 04 BF 02 00 D1                 RAD → LCM       02 00
  257.002  7F 0B 80 1F 40 07 43 14 00 02 20 07 DE        NAV → IKE       1F 40 07 43 14 00 02 20 07
  257.671  3B 03 ED 01 D4                     GT → VM        01
  257.682  ED 04 3B 02 00 D0                  VM → GT        02 00
  258.127  7F 14 C8 A2 00 00 42 52 27 80 00 74 37 54 90 00 00 00 0D 2B 00 17        NAV → TEL       A2 00 00 42 52 27 80 00 74 37 54 90 00 00 00 0D 2B 00
  258.178  7F 23 C8 A4 00 01 00 00 00 00 00 00 00 00 00 00 00 00 00 00 00 00 00 00 00 00 00 00 00 00 00 00 00 00 00 00 31        NAV → TEL       A4 00 01 00 00 00 00 00 00 00 00 00 00 00 00 00 00 00 00 00 00 00 00 00 00 00 00 00 00 00 00 00 00
  265.948  E8 05 D0 59 50 00 34               E8 → LCM_D0    59 50 00
  266.081  F0 03 68 01 9A                   BMBT → RAD       01
  266.092  68 04 BF 02 00 D1                 RAD → LCM       02 00
  266.399  68 03 6A 01 00                    RAD → DSP       01
  267.681  3B 03 F0 01 C9                     GT → BMBT      01
  267.692  F0 04 3B 02 30 FD                BMBT → GT        02 30
  268.305  68 05 76 38 00 00 23              RAD → 76        38 00 00
  268.315  68 05 18 38 00 00 4D              RAD → CDC       38 00 00  радио → чейнджеру: статус
  274.849  80 0C E7 24 01 00 31 33 3A 34 34 20 20 76        IKE → OBC_TEXT  24 01 00 31 33 3A 34 34 20 20
  275.963  E8 05 D0 59 50 00 34               E8 → LCM_D0    59 50 00
  276.096  F0 03 68 01 9A                   BMBT → RAD       01
  276.111  68 04 BF 02 00 D1                 RAD → LCM       02 00
  277.685  3B 03 80 01 B9                     GT → IKE       01
  277.701  80 04 BF 02 00 39                 IKE → LCM       02 00
  282.767  80 0A BF 17 34 EB 04 80 1F 32 CC 98        IKE → LCM       17 34 EB 04 80 1F 32 CC
  285.980  E8 05 D0 59 50 00 34               E8 → LCM_D0    59 50 00
  286.119  F0 03 68 01 9A                   BMBT → RAD       01
  286.129  68 04 BF 02 00 D1                 RAD → LCM       02 00
  286.401  68 03 6A 01 00                    RAD → DSP       01
  287.694  3B 03 C8 01 F1                     GT → TEL       01
  287.725  C8 04 3B 02 30 C5                 TEL → GT        02 30
  288.129  7F 14 C8 A2 00 00 42 52 27 80 00 74 37 54 90 00 00 00 0D 2C 00 10        NAV → TEL       A2 00 00 42 52 27 80 00 74 37 54 90 00 00 00 0D 2C 00
  288.180  7F 23 C8 A4 00 01 00 00 00 00 00 00 00 00 00 00 00 00 00 00 00 00 00 00 00 00 00 00 00 00 00 00 00 00 00 00 31        NAV → TEL       A4 00 01 00 00 00 00 00 00 00 00 00 00 00 00 00 00 00 00 00 00 00 00 00 00 00 00 00 00 00 00 00 00
  288.304  68 05 76 38 00 00 23              RAD → 76        38 00 00
  288.314  68 05 18 38 00 00 4D              RAD → CDC       38 00 00  радио → чейнджеру: статус
  295.996  E8 05 D0 59 50 00 34               E8 → LCM_D0    59 50 00
  296.135  F0 03 68 01 9A                   BMBT → RAD       01
  296.145  68 04 BF 02 00 D1                 RAD → LCM       02 00
