    4.832  68 03 6A 01 00                    RAD → DSP       01
    6.074  E8 05 D0 59 50 00 34               E8 → LCM_D0    59 50 00
    6.264  F0 03 68 01 9A                   BMBT → RAD       01
    6.279  68 04 BF 02 00 D1                 RAD → LCM       02 00
    6.734  68 05 76 38 00 00 23              RAD → 76        38 00 00
    6.745  68 05 18 38 00 00 4D              RAD → CDC       38 00 00  радио → чейнджеру: статус
    6.802  3B 03 F0 01 C9                     GT → BMBT      01
    6.817  F0 04 3B 02 30 FD                BMBT → GT        02 30
   14.909  7F 0B 80 1F 40 08 00 14 00 02 20 07 92        NAV → IKE       1F 40 08 00 14 00 02 20 07
   16.002  7F 06 C8 A9 0A 30 30 12           NAV → TEL       A9 0A 30 30
   16.089  7F 06 C8 A9 03 30 30 1B           NAV → TEL       A9 03 30 30
   16.100  E8 05 D0 59 50 00 34               E8 → LCM_D0    59 50 00
   16.285  F0 03 68 01 9A                   BMBT → RAD       01
   16.296  68 04 BF 02 00 D1                 RAD → LCM       02 00
   16.603  7F 14 C8 A2 00 00 42 52 27 80 00 74 37 54 90 00 00 00 0E 00 00 3F        NAV → TEL       A2 00 00 42 52 27 80 00 74 37 54 90 00 00 00 0E 00 00
   16.654  7F 23 C8 A4 00 01 00 00 00 00 00 00 00 00 00 00 00 00 00 00 00 00 00 00 00 00 00 00 00 00 00 00 00 00 00 00 31        NAV → TEL       A4 00 01 00 00 00 00 00 00 00 00 00 00 00 00 00 00 00 00 00 00 00 00 00 00 00 00 00 00 00 00 00 00
   16.808  3B 03 80 01 B9                     GT → IKE       01
   16.823  80 04 BF 02 00 39                 IKE → LCM       02 00
   24.833  68 03 6A 01 00                    RAD → DSP       01
   26.100  7F 06 C8 A9 03 30 30 1B           NAV → TEL       A9 03 30 30
   26.121  E8 05 D0 59 50 00 34               E8 → LCM_D0    59 50 00
   26.188  7F 06 C8 A9 0A 30 30 12           NAV → TEL       A9 0A 30 30
   26.301  F0 03 68 01 9A                   BMBT → RAD       01
   26.311  68 04 BF 02 00 D1                 RAD → LCM       02 00
   26.735  68 05 76 38 00 00 23              RAD → 76        38 00 00
   26.746  68 05 18 38 00 00 4D              RAD → CDC       38 00 00  радио → чейнджеру: статус
   26.818  3B 03 C8 01 F1                     GT → TEL       01
   26.849  C8 04 3B 02 30 C5                 TEL → GT        02 30
