    0.121  7F 14 C8 A2 00 00 42 52 27 80 00 74 37 54 90 00 00 00 0E 0C 00 33        NAV → TEL       A2 00 00 42 52 27 80 00 74 37 54 90 00 00 00 0E 0C 00
    0.126  ED 05 F0 4F 11 12 54               VM → BMBT      4F 11 12  монитор: включён, источник TV, 16:9, PAL
    0.178  7F 23 C8 A4 00 01 00 00 00 00 00 00 00 00 00 00 00 00 00 00 00 00 00 00 00 00 00 00 00 00 00 00 00 00 00 00 31        NAV → TEL       A4 00 01 00 00 00 00 00 00 00 00 00 00 00 00 00 00 00 00 00 00 00 00 00 00 00 00 00 00 00 00 00 00
    0.617  F0 04 3B 49 01 87                BMBT → GT        49 01  крутилка монитора: влево на 1
    1.878  F0 04 3B 49 01 87                BMBT → GT        49 01  крутилка монитора: влево на 1
    2.332  F0 04 3B 49 81 07                BMBT → GT        49 81  крутилка монитора: вправо на 1
    2.404  E8 05 D0 59 50 00 34               E8 → LCM_D0    59 50 00
    2.506  F0 03 68 01 9A                   BMBT → RAD       01
    2.527  68 04 BF 02 00 D1                 RAD → LCM       02 00
    2.885  F0 04 3B 48 05 82                BMBT → GT        48 05  кнопка монитора: код 05
    2.998  F0 04 3B 48 85 02                BMBT → GT        48 85  кнопка монитора: код 85
    3.595  F0 04 3B 49 81 07                BMBT → GT        49 81  крутилка монитора: вправо на 1
    4.168  F0 04 3B 49 81 07                BMBT → GT        49 81  крутилка монитора: вправо на 1
    4.490  3B 03 ED 01 D4                     GT → VM        01
    4.495  ED 04 3B 02 00 D0                  VM → GT        02 00
    5.083  F0 04 3B 49 81 07                BMBT → GT        49 81  крутилка монитора: вправо на 1
    5.502  F0 04 3B 48 05 82                BMBT → GT        48 05  кнопка монитора: код 05
    5.564  F0 04 3B 48 85 02                BMBT → GT        48 85  кнопка монитора: код 85
    6.341  F0 04 3B 49 01 87                BMBT → GT        49 01  крутилка монитора: влево на 1
   12.420  E8 05 D0 59 50 00 34               E8 → LCM_D0    59 50 00
   12.523  F0 03 68 01 9A                   BMBT → RAD       01
   12.533  68 04 BF 02 00 D1                 RAD → LCM       02 00
   14.500  3B 03 F0 01 C9                     GT → BMBT      01
   14.511  F0 04 3B 02 30 FD                BMBT → GT        02 30
   16.789  68 05 76 38 00 00 23              RAD → 76        38 00 00
   16.805  68 05 18 38 00 00 4D              RAD → CDC       38 00 00  радио → чейнджеру: статус
   16.989  68 03 6A 01 00                    RAD → DSP       01
   22.435  E8 05 D0 59 50 00 34               E8 → LCM_D0    59 50 00
   22.538  F0 03 68 01 9A                   BMBT → RAD       01
   22.553  68 04 BF 02 00 D1                 RAD → LCM       02 00
   24.505  3B 03 80 01 B9                     GT → IKE       01
   24.531  80 04 BF 02 00 39                 IKE → LCM       02 00
   29.221  7F 0B 80 1F 40 08 12 14 00 02 20 07 80        NAV → IKE       1F 40 08 12 14 00 02 20 07
   30.121  7F 14 C8 A2 00 00 42 52 27 80 00 74 37 54 90 00 00 00 0E 0C 00 33        NAV → TEL       A2 00 00 42 52 27 80 00 74 37 54 90 00 00 00 0E 0C 00
   30.172  7F 23 C8 A4 00 01 00 00 00 00 00 00 00 00 00 00 00 00 00 00 00 00 00 00 00 00 00 00 00 00 00 00 00 00 00 00 31        NAV → TEL       A4 00 01 00 00 00 00 00 00 00 00 00 00 00 00 00 00 00 00 00 00 00 00 00 00 00 00 00 00 00 00 00 00
   32.461  E8 05 D0 59 50 00 34               E8 → LCM_D0    59 50 00
   32.563  F0 03 68 01 9A                   BMBT → RAD       01
   32.574  68 04 BF 02 00 D1                 RAD → LCM       02 00
   34.515  3B 03 C8 01 F1                     GT → TEL       01
   34.546  C8 04 3B 02 30 C5                 TEL → GT        02 30
   36.793  68 05 76 38 00 00 23              RAD → 76        38 00 00
   36.804  68 05 18 38 00 00 4D              RAD → CDC       38 00 00  радио → чейнджеру: статус
   36.993  68 03 6A 01 00                    RAD → DSP       01
   37.423  80 04 BF 11 03 29                 IKE → LCM       11 03  зажигание: Kl.15
   37.438  80 0A BF 13 02 00 00 00 00 00 14 30        IKE → LCM       13 02 00 00 00 00 00 14
   37.454  D0 07 BF 5B 00 00 00 00 33     LCM_D0 → LCM       5B 00 00 00 00
   37.469  30 04 BF 51 00 DA                  30 → LCM       51 00
   37.485  80 06 BF 19 15 28 00 1D           IKE → LCM       19 15 28 00
   37.516  00 04 BF 72 02 CB                  GM → LCM       72 02
   37.526  80 03 D0 53 00                    IKE → LCM_D0    53
   37.537  80 06 60 07 00 00 00 E1           IKE → PDC       07 00 00 00
   37.562  D0 10 80 54 47 30 05 51 90 0C 97 40 31 00 00 04 88 C1     LCM_D0 → IKE       54 47 30 05 51 90 0C 97 40 31 00 00 04 88
   37.721  80 0A BF 13 02 B0 00 00 00 00 14 80        IKE → LCM       13 02 B0 00 00 00 00 14
   38.125  80 0A BF 13 02 B0 00 02 00 00 14 82        IKE → LCM       13 02 B0 00 02 00 00 14
   38.580  80 05 BF 18 00 00 22              IKE → LCM       18 00 00
   39.157  80 0A BF 13 00 B0 00 02 00 00 14 80        IKE → LCM       13 00 B0 00 02 00 00 14
   39.214  80 0A BF 13 00 B1 00 02 00 00 14 81        IKE → LCM       13 00 B1 00 02 00 00 14
   39.526  80 0A BF 13 00 B1 00 00 00 00 14 83        IKE → LCM       13 00 B1 00 00 00 00 14
   40.446  D0 07 BF 5B 00 00 00 00 33     LCM_D0 → LCM       5B 00 00 00 00
   40.579  80 05 BF 18 00 08 2A              IKE → LCM       18 00 08
   42.484  E8 05 D0 59 50 00 34               E8 → LCM_D0    59 50 00
   42.576  F0 03 68 01 9A                   BMBT → RAD       01
   42.592  68 04 BF 02 00 D1                 RAD → LCM       02 00
   42.602  80 05 BF 18 00 08 2A              IKE → LCM       18 00 08
   43.446  D0 07 BF 5B 00 00 00 00 33     LCM_D0 → LCM       5B 00 00 00 00
   44.529  3B 03 ED 01 D4                     GT → VM        01
   44.534  ED 04 3B 02 00 D0                  VM → GT        02 00
   44.596  80 05 BF 18 00 08 2A              IKE → LCM       18 00 08
   46.452  D0 07 BF 5B 00 00 00 00 33     LCM_D0 → LCM       5B 00 00 00 00
   46.524  80 0C E7 24 01 00 31 34 3A 31 33 20 20 73        IKE → OBC_TEXT  24 01 00 31 34 3A 31 33 20 20
   46.596  80 05 BF 18 00 08 2A              IKE → LCM       18 00 08
   46.606  80 06 BF 19 15 25 00 10           IKE → LCM       19 15 25 00
   48.599  80 05 BF 18 00 08 2A              IKE → LCM       18 00 08
   49.463  D0 07 BF 5B 00 00 00 00 33     LCM_D0 → LCM       5B 00 00 00 00
   50.597  80 05 BF 18 00 08 2A              IKE → LCM       18 00 08
   50.940  80 0A BF 13 00 11 00 00 00 00 14 23        IKE → LCM       13 00 11 00 00 00 00 14
   51.436  ED 05 F0 4F 11 11 57               VM → BMBT      4F 11 11  монитор: включён, источник TV, 16:9, NTSC
   51.922  60 03 D0 5A E9                    PDC → LCM_D0    5A
   51.942  D0 07 BF 5B 00 00 00 00 33     LCM_D0 → LCM       5B 00 00 00 00
   52.484  E8 05 D0 59 50 00 34               E8 → LCM_D0    59 50 00
   52.602  80 05 BF 18 00 08 2A              IKE → LCM       18 00 08
   52.607  F0 03 68 01 9A                   BMBT → RAD       01
   52.623  68 04 BF 02 00 D1                 RAD → LCM       02 00
   52.756  60 06 80 07 00 00 00 E1           PDC → IKE       07 00 00 00
   53.747  60 06 80 07 00 00 00 E1           PDC → IKE       07 00 00 00
   54.529  3B 03 F0 01 C9                     GT → BMBT      01
   54.544  F0 04 3B 02 30 FD                BMBT → GT        02 30
   54.611  80 05 BF 18 00 08 2A              IKE → LCM       18 00 08
   54.744  60 06 80 07 00 00 00 E1           PDC → IKE       07 00 00 00
   54.933  80 0C E7 24 06 00 31 38 34 20 4B 4D 20 72        IKE → OBC_TEXT  24 06 00 31 38 34 20 4B 4D 20
   54.954  D0 07 BF 5B 00 00 00 00 33     LCM_D0 → LCM       5B 00 00 00 00
   55.736  60 06 80 07 00 00 00 E1           PDC → IKE       07 00 00 00
   56.610  80 05 BF 18 02 08 28              IKE → LCM       18 02 08
   56.626  80 06 BF 19 15 27 00 12           IKE → LCM       19 15 27 00
   56.728  60 06 80 07 00 00 00 E1           PDC → IKE       07 00 00 00
   56.810  68 05 76 38 00 00 23              RAD → 76        38 00 00
   56.821  68 05 18 38 00 00 4D              RAD → CDC       38 00 00  радио → чейнджеру: статус
   56.995  68 03 6A 01 00                    RAD → DSP       01
   57.721  60 06 80 07 00 00 00 E1           PDC → IKE       07 00 00 00
   57.961  D0 07 BF 5B 00 00 00 00 33     LCM_D0 → LCM       5B 00 00 00 00
   58.621  80 05 BF 18 00 07 25              IKE → LCM       18 00 07
   58.662  60 06 80 07 00 00 01 E0           PDC → IKE       07 00 00 01
   58.754  80 06 60 07 00 01 00 E0           IKE → PDC       07 00 01 00
   59.322  80 0A BF 13 00 71 00 00 00 00 14 43        IKE → LCM       13 00 71 00 00 00 00 14
   59.526  80 0A BF 13 00 81 00 00 00 00 14 B3        IKE → LCM       13 00 81 00 00 00 00 14
   59.608  60 06 80 07 00 00 01 E0           PDC → IKE       07 00 00 01
   59.644  ED 05 F0 4F 11 12 54               VM → BMBT      4F 11 12  монитор: включён, источник TV, 16:9, PAL
   59.670  80 06 60 07 00 01 00 E0           IKE → PDC       07 00 01 00
   60.125  7F 14 C8 A2 00 00 42 52 27 80 00 74 37 54 90 00 00 00 0E 0D 00 32        NAV → TEL       A2 00 00 42 52 27 80 00 74 37 54 90 00 00 00 0E 0D 00
   60.177  7F 23 C8 A4 00 01 00 00 00 00 00 00 00 00 00 00 00 00 00 00 00 00 00 00 00 00 00 00 00 00 00 00 00 00 00 00 31        NAV → TEL       A4 00 01 00 00 00 00 00 00 00 00 00 00 00 00 00 00 00 00 00 00 00 00 00 00 00 00 00 00 00 00 00 00
   60.601  60 06 80 07 00 00 01 E0           PDC → IKE       07 00 00 01
   60.622  80 05 BF 18 00 07 25              IKE → LCM       18 00 07
   60.673  80 06 60 07 00 01 00 E0           IKE → PDC       07 00 01 00
   60.970  D0 07 BF 5B 00 00 00 00 33     LCM_D0 → LCM       5B 00 00 00 00
   61.593  60 06 80 07 00 00 01 E0           PDC → IKE       07 00 00 01
   61.665  80 06 60 07 00 01 00 E0           IKE → PDC       07 00 01 00
   62.023  80 0A BF 13 00 83 00 00 00 00 14 B1        IKE → LCM       13 00 83 00 00 00 00 14
   62.192  60 06 80 07 00 00 00 E1           PDC → IKE       07 00 00 00
   62.509  E8 05 D0 59 50 00 34               E8 → LCM_D0    59 50 00
   62.622  F0 03 68 01 9A                   BMBT → RAD       01
   62.632  68 04 BF 02 00 D1                 RAD → LCM       02 00
   62.648  80 05 BF 18 04 09 2F              IKE → LCM       18 04 09
   63.082  60 06 80 07 00 00 00 E1           PDC → IKE       07 00 00 00
   63.935  80 0A BF 13 00 81 00 00 00 00 14 B3        IKE → LCM       13 00 81 00 00 00 00 14
   63.977  D0 07 BF 5B 00 00 00 00 33     LCM_D0 → LCM       5B 00 00 00 00
   64.079  60 06 80 07 00 00 00 E1           PDC → IKE       07 00 00 00
   64.544  3B 03 80 01 B9                     GT → IKE       01
   64.560  80 04 BF 02 00 39                 IKE → LCM       02 00
   64.631  80 05 BF 18 00 07 25              IKE → LCM       18 00 07
   65.071  60 06 80 07 00 00 00 E1           PDC → IKE       07 00 00 00
   66.063  60 06 80 07 00 00 00 E1           PDC → IKE       07 00 00 00
   66.135  80 0A BF 13 00 11 00 00 00 00 14 23        IKE → LCM       13 00 11 00 00 00 00 14
   66.335  80 0A BF 13 00 B1 00 00 00 00 14 83        IKE → LCM       13 00 B1 00 00 00 00 14
   66.627  80 05 BF 18 00 07 25              IKE → LCM       18 00 07
   66.653  80 06 BF 19 15 29 00 1C           IKE → LCM       19 15 29 00
   66.996  D0 07 BF 5B 00 00 00 00 33     LCM_D0 → LCM       5B 00 00 00 00
   67.058  60 06 80 07 00 00 00 E1           PDC → IKE       07 00 00 00
   67.876  80 0A BF 13 02 01 00 00 00 00 14 31        IKE → LCM       13 02 01 00 00 00 00 14
   67.892  80 04 BF 11 01 2B                 IKE → LCM       11 01  зажигание: Kl.R
   67.913  80 0A BF 13 00 00 00 00 00 00 14 32        IKE → LCM       13 00 00 00 00 00 00 14
   67.959  30 04 BF 51 04 DE                  30 → LCM       51 04
   68.634  80 05 BF 18 00 00 22              IKE → LCM       18 00 00
   68.962  80 04 BF 11 01 2B                 IKE → LCM       11 01  зажигание: Kl.R
   68.977  80 04 BF 11 01 2B                 IKE → LCM       11 01  зажигание: Kl.R
   70.000  D0 07 BF 5B 00 00 00 00 33     LCM_D0 → LCM       5B 00 00 00 00
   72.530  E8 05 D0 59 50 00 34               E8 → LCM_D0    59 50 00
   72.637  F0 03 68 01 9A                   BMBT → RAD       01
   72.653  68 04 BF 02 00 D1                 RAD → LCM       02 00
   74.555  3B 03 C8 01 F1                     GT → TEL       01
   74.586  C8 04 3B 02 30 C5                 TEL → GT        02 30
   76.801  68 05 76 38 00 00 23              RAD → 76        38 00 00
   76.811  68 05 18 38 00 00 4D              RAD → CDC       38 00 00  радио → чейнджеру: статус
   77.001  68 03 6A 01 00                    RAD → DSP       01
   82.559  E8 05 D0 59 50 00 34               E8 → LCM_D0    59 50 00
   82.656  F0 03 68 01 9A                   BMBT → RAD       01
   82.672  68 04 BF 02 00 D1                 RAD → LCM       02 00
   84.557  3B 03 ED 01 D4                     GT → VM        01
   84.567  ED 04 3B 02 00 D0                  VM → GT        02 00
   88.797  7F 0B 80 1F 40 08 13 14 00 02 20 07 81        NAV → IKE       1F 40 08 13 14 00 02 20 07
   90.136  7F 14 C8 A2 00 00 42 52 27 80 00 74 37 54 90 00 00 00 0E 0D 00 32        NAV → TEL       A2 00 00 42 52 27 80 00 74 37 54 90 00 00 00 0E 0D 00
   90.187  7F 23 C8 A4 00 01 00 00 00 00 00 00 00 00 00 00 00 00 00 00 00 00 00 00 00 00 00 00 00 00 00 00 00 00 00 00 31        NAV → TEL       A4 00 01 00 00 00 00 00 00 00 00 00 00 00 00 00 00 00 00 00 00 00 00 00 00 00 00 00 00 00 00 00 00
   92.582  E8 05 D0 59 50 00 34               E8 → LCM_D0    59 50 00
   92.680  F0 03 68 01 9A                   BMBT → RAD       01
