    4.476  E8 05 D0 59 50 00 34               E8 → LCM_D0    59 50 00
    4.548  F0 03 68 01 9A                   BMBT → RAD       01
    4.558  68 04 BF 02 00 D1                 RAD → LCM       02 00
    6.479  3B 03 80 01 B9                     GT → IKE       01
    6.515  80 04 BF 02 00 39                 IKE → LCM       02 00
    7.098  7F 0B 80 1F 40 08 04 14 00 02 20 07 96        NAV → IKE       1F 40 08 04 14 00 02 20 07
    8.436  7F 14 C8 A2 00 00 42 52 27 80 00 74 37 54 90 00 00 00 0E 04 00 3B        NAV → TEL       A2 00 00 42 52 27 80 00 74 37 54 90 00 00 00 0E 04 00
    8.483  7F 23 C8 A4 00 01 00 00 00 00 00 00 00 00 00 00 00 00 00 00 00 00 00 00 00 00 00 00 00 00 00 00 00 00 00 00 31        NAV → TEL       A4 00 01 00 00 00 00 00 00 00 00 00 00 00 00 00 00 00 00 00 00 00 00 00 00 00 00 00 00 00 00 00 00
   14.493  E8 05 D0 59 50 00 34               E8 → LCM_D0    59 50 00
   14.565  F0 03 68 01 9A                   BMBT → RAD       01
   14.580  68 04 BF 02 00 D1                 RAD → LCM       02 00
   15.342  68 03 6A 01 00                    RAD → DSP       01
   16.481  3B 03 C8 01 F1                     GT → TEL       01
   16.512  C8 04 3B 02 30 C5                 TEL → GT        02 30
   17.248  68 05 76 38 00 00 23              RAD → 76        38 00 00
   17.259  68 05 18 38 00 00 4D              RAD → CDC       38 00 00  радио → чейнджеру: статус
   18.511  00 05 BF 7A 10 70 A0               GM → LCM       7A 10 70
   19.451  00 05 BF 7A 11 70 A1               GM → LCM       7A 11 70
   19.523  00 05 BF 7A 51 70 E1               GM → LCM       7A 51 70
   24.495  E8 05 D0 59 50 00 34               E8 → LCM_D0    59 50 00
   24.588  F0 03 68 01 9A                   BMBT → RAD       01
   24.598  68 04 BF 02 00 D1                 RAD → LCM       02 00
   24.915  80 0C E7 24 01 00 31 34 3A 30 35 20 20 74        IKE → OBC_TEXT  24 01 00 31 34 3A 30 35 20 20
   26.485  3B 03 ED 01 D4                     GT → VM        01
   26.495  ED 04 3B 02 00 D0                  VM → GT        02 00
   28.694  80 04 BF 11 03 29                 IKE → LCM       11 03  зажигание: Kl.15
   28.709  80 0A BF 13 03 00 00 00 00 00 15 30        IKE → LCM       13 03 00 00 00 00 00 15
   28.725  D0 07 BF 5B 00 00 00 00 33     LCM_D0 → LCM       5B 00 00 00 00
   28.735  80 06 BF 19 15 1F 00 2A           IKE → LCM       19 15 1F 00
   28.751  30 04 BF 51 00 DA                  30 → LCM       51 00
   28.767  00 04 BF 72 02 CB                  GM → LCM       72 02
   28.782  80 06 60 07 00 00 00 E1           IKE → PDC       07 00 00 00
   28.961  80 03 D0 53 00                    IKE → LCM_D0    53
   28.987  D0 10 80 54 47 30 05 51 90 0C 97 40 31 00 00 04 88 C1     LCM_D0 → IKE       54 47 30 05 51 90 0C 97 40 31 00 00 04 88
   29.013  80 0A BF 13 03 B0 00 00 00 00 15 80        IKE → LCM       13 03 B0 00 00 00 00 15
   29.411  80 0A BF 13 03 B0 00 02 00 00 15 82        IKE → LCM       13 03 B0 00 02 00 00 15
   29.810  80 0A BF 13 03 10 00 02 00 00 15 22        IKE → LCM       13 03 10 00 02 00 00 15
   30.117  80 05 BF 18 00 00 22              IKE → LCM       18 00 00
   30.327  ED 05 F0 4F 11 11 57               VM → BMBT      4F 11 11  монитор: включён, источник TV, 16:9, NTSC
   30.705  60 03 D0 5A E9                    PDC → LCM_D0    5A
   30.721  D0 07 BF 5B 00 00 00 00 33     LCM_D0 → LCM       5B 00 00 00 00
   30.736  60 06 80 07 00 00 00 E1           PDC → IKE       07 00 00 00
   30.803  80 0A BF 13 03 10 00 00 00 00 15 20        IKE → LCM       13 03 10 00 00 00 00 15
   31.719  60 06 80 07 00 00 00 E1           PDC → IKE       07 00 00 00
   32.123  80 05 BF 18 00 00 22              IKE → LCM       18 00 00
   32.710  60 06 80 07 00 00 00 E1           PDC → IKE       07 00 00 00
   33.421  80 0A BF 13 03 B0 00 00 00 00 15 80        IKE → LCM       13 03 B0 00 00 00 00 15
   33.702  60 06 80 07 00 00 00 E1           PDC → IKE       07 00 00 00
   33.718  D0 07 BF 5B 00 00 00 00 33     LCM_D0 → LCM       5B 00 00 00 00
   33.754  ED 05 F0 4F 11 12 54               VM → BMBT      4F 11 12  монитор: включён, источник TV, 16:9, PAL
   34.132  80 05 BF 18 00 00 22              IKE → LCM       18 00 00
   34.511  E8 05 D0 59 50 00 34               E8 → LCM_D0    59 50 00
   34.603  F0 03 68 01 9A                   BMBT → RAD       01
   34.614  68 04 BF 02 00 D1                 RAD → LCM       02 00
   34.696  60 06 80 07 00 00 00 E1           PDC → IKE       07 00 00 00
   35.345  68 03 6A 01 00                    RAD → DSP       01
   35.688  60 06 80 07 00 00 00 E1           PDC → IKE       07 00 00 00
   36.138  80 05 BF 18 00 00 22              IKE → LCM       18 00 00
   36.496  3B 03 F0 01 C9                     GT → BMBT      01
   36.511  F0 04 3B 02 30 FD                BMBT → GT        02 30
   36.685  60 06 80 07 00 00 00 E1           PDC → IKE       07 00 00 00
   36.737  D0 07 BF 5B 00 00 00 00 33     LCM_D0 → LCM       5B 00 00 00 00
   37.248  68 05 76 38 00 00 23              RAD → 76        38 00 00
   37.258  68 05 18 38 00 00 4D              RAD → CDC       38 00 00  радио → чейнджеру: статус
   37.678  60 06 80 07 00 00 00 E1           PDC → IKE       07 00 00 00
   38.138  80 05 BF 18 00 00 22              IKE → LCM       18 00 00
   38.154  80 06 BF 19 15 1F 00 2A           IKE → LCM       19 15 1F 00
   38.435  7F 14 C8 A2 00 00 42 52 27 80 00 74 37 54 90 00 00 00 0E 05 00 3A        NAV → TEL       A2 00 00 42 52 27 80 00 74 37 54 90 00 00 00 0E 05 00
   38.486  7F 23 C8 A4 00 01 00 00 00 00 00 00 00 00 00 00 00 00 00 00 00 00 00 00 00 00 00 00 00 00 00 00 00 00 00 00 31        NAV → TEL       A4 00 01 00 00 00 00 00 00 00 00 00 00 00 00 00 00 00 00 00 00 00 00 00 00 00 00 00 00 00 00 00 00
   38.671  60 06 80 07 00 00 00 E1           PDC → IKE       07 00 00 00
   39.662  60 06 80 07 00 00 00 E1           PDC → IKE       07 00 00 00
   39.749  D0 07 BF 5B 00 00 00 00 33     LCM_D0 → LCM       5B 00 00 00 00
   40.143  80 05 BF 18 00 00 22              IKE → LCM       18 00 00
   40.654  60 06 80 07 00 00 00 E1           PDC → IKE       07 00 00 00
   41.651  60 06 80 07 00 00 00 E1           PDC → IKE       07 00 00 00
   42.151  80 05 BF 18 00 00 22              IKE → LCM       18 00 00
   42.642  60 06 80 07 00 00 00 E1           PDC → IKE       07 00 00 00
   42.755  D0 07 BF 5B 00 00 00 00 33     LCM_D0 → LCM       5B 00 00 00 00
   43.634  60 06 80 07 00 00 00 E1           PDC → IKE       07 00 00 00
   44.145  80 05 BF 18 00 00 22              IKE → LCM       18 00 00
   44.539  E8 05 D0 59 50 00 34               E8 → LCM_D0    59 50 00
   44.626  F0 03 68 01 9A                   BMBT → RAD       01
   44.636  60 06 80 07 00 00 00 E1           PDC → IKE       07 00 00 00
   44.647  68 04 BF 02 00 D1                 RAD → LCM       02 00
   45.623  60 06 80 07 00 00 00 E1           PDC → IKE       07 00 00 00
   45.766  D0 07 BF 5B 00 00 00 00 33     LCM_D0 → LCM       5B 00 00 00 00
   46.160  80 05 BF 18 00 00 22              IKE → LCM       18 00 00
   46.507  3B 03 80 01 B9                     GT → IKE       01
   46.528  80 04 BF 02 00 39                 IKE → LCM       02 00
   46.615  60 06 80 07 00 00 00 E1           PDC → IKE       07 00 00 00
   47.607  60 06 80 07 00 00 00 E1           PDC → IKE       07 00 00 00
   48.149  80 05 BF 18 00 00 22              IKE → LCM       18 00 00
   48.164  80 06 BF 19 15 20 00 15           IKE → LCM       19 15 20 00
   48.599  60 06 80 07 00 00 00 E1           PDC → IKE       07 00 00 00
   48.768  D0 07 BF 5B 00 00 00 00 33     LCM_D0 → LCM       5B 00 00 00 00
   49.595  60 06 80 07 00 00 00 E1           PDC → IKE       07 00 00 00
   50.168  80 05 BF 18 00 00 22              IKE → LCM       18 00 00
   50.587  60 06 80 07 00 00 00 E1           PDC → IKE       07 00 00 00
   51.578  60 06 80 07 00 00 00 E1           PDC → IKE       07 00 00 00
   51.773  D0 07 BF 5B 00 00 00 00 33     LCM_D0 → LCM       5B 00 00 00 00
   52.162  80 05 BF 18 00 00 22              IKE → LCM       18 00 00
   52.576  60 06 80 07 00 00 00 E1           PDC → IKE       07 00 00 00
   53.568  60 06 80 07 00 00 00 E1           PDC → IKE       07 00 00 00
   54.166  80 05 BF 18 00 00 22              IKE → LCM       18 00 00
   54.559  E8 05 D0 59 50 00 34               E8 → LCM_D0    59 50 00
   54.570  60 06 80 07 00 00 00 E1           PDC → IKE       07 00 00 00
   54.642  F0 03 68 01 9A                   BMBT → RAD       01
   54.652  68 04 BF 02 00 D1                 RAD → LCM       02 00
   54.780  D0 07 BF 5B 00 00 00 00 33     LCM_D0 → LCM       5B 00 00 00 00
   55.347  68 03 6A 01 00                    RAD → DSP       01
   55.552  60 06 80 07 00 00 00 E1           PDC → IKE       07 00 00 00
   56.170  80 05 BF 18 00 00 22              IKE → LCM       18 00 00
   56.513  3B 03 C8 01 F1                     GT → TEL       01
   56.544  60 06 80 07 00 00 00 E1           PDC → IKE       07 00 00 00
   56.565  C8 04 3B 02 30 C5                 TEL → GT        02 30
   57.249  68 05 76 38 00 00 23              RAD → 76        38 00 00
   57.265  68 05 18 38 00 00 4D              RAD → CDC       38 00 00  радио → чейнджеру: статус
   57.541  60 06 80 07 00 00 00 E1           PDC → IKE       07 00 00 00
   57.782  D0 07 BF 5B 00 00 00 00 33     LCM_D0 → LCM       5B 00 00 00 00
   58.175  80 05 BF 18 00 00 22              IKE → LCM       18 00 00
   58.196  80 06 BF 19 15 1F 00 2A           IKE → LCM       19 15 1F 00
   58.533  60 06 80 07 00 00 00 E1           PDC → IKE       07 00 00 00
   59.525  60 06 80 07 00 00 00 E1           PDC → IKE       07 00 00 00
