    1.105  3B 03 C8 01 F1                     GT → TEL       01
    1.136  C8 04 3B 02 30 C5                 TEL → GT        02 30
    1.438  68 05 76 38 00 00 23              RAD → 76        38 00 00
    1.449  68 05 18 38 00 00 4D              RAD → CDC       38 00 00  радио → чейнджеру: статус
    7.915  80 0C E7 24 01 00 31 33 3A 35 31 20 20 72        IKE → OBC_TEXT  24 01 00 31 33 3A 35 31 20 20
    9.812  E8 05 D0 59 50 00 34               E8 → LCM_D0    59 50 00
    9.971  F0 03 68 01 9A                   BMBT → RAD       01
    9.987  68 04 BF 02 00 D1                 RAD → LCM       02 00
   11.116  3B 03 ED 01 D4                     GT → VM        01
   11.122  ED 04 3B 02 00 D0                  VM → GT        02 00
   11.347  80 0A BF 17 34 EB 04 80 1F 32 CC 98        IKE → LCM       17 34 EB 04 80 1F 32 CC
   15.160  F0 04 68 48 23 F7                BMBT → RAD       48 23  кнопка монитора: код 23
   15.376  F0 04 68 48 A3 77                BMBT → RAD       48 A3  кнопка монитора: код A3
   15.463  68 0B 3B A5 62 01 41 20 20 20 20 20 FF        RAD → GT        A5 62 01 41 20 20 20 20 20
   15.489  68 0B 3B A5 62 01 42 20 50 20 34 20 98        RAD → GT        A5 62 01 42 20 50 20 34 20
   15.515  68 0B 3B A5 62 01 43 20 20 20 20 20 FD        RAD → GT        A5 62 01 43 20 20 20 20 20
   15.541  68 0B 3B A5 62 01 44 20 20 20 20 20 FA        RAD → GT        A5 62 01 44 20 20 20 20 20
   15.572  68 0D 3B A5 62 01 45 20 20 20 20 20 20 20 FD        RAD → GT        A5 62 01 45 20 20 20 20 20 20 20
   15.613  68 1A 3B A5 62 01 46 20 20 20 20 20 20 20 20 20 20 20 20 20 20 20 20 20 20 20 20 C9        RAD → GT        A5 62 01 46 20 20 20 20 20 20 20 20 20 20 20 20 20 20 20 20 20 20 20 20
   15.659  68 1A 3B A5 62 01 07 20 20 20 20 20 20 20 20 20 20 20 20 20 20 20 20 20 20 20 20 88        RAD → GT        A5 62 01 07 20 20 20 20 20 20 20 20 20 20 20 20 20 20 20 20 20 20 20 20
   15.685  68 12 3B 23 62 10 41 55 58 20 20 20 20 20 20 20 20 20 20 5C        RAD → GT        23 62 10 41 55 58 20 20 20 20 20 20 20 20 20 20
   15.696  68 04 3B 46 0C 1D                 RAD → GT        46 0C
   15.727  3B 05 68 22 00 06 72               GT → RAD       22 00 06
   15.850  3B 05 BB 4F 02 00 C8               GT → TV        4F 02 00
   15.911  3B 05 68 4E 00 00 18               GT → RAD       4E 00 00
   15.927  68 04 F0 4A 48 9E                 RAD → BMBT      4A 48
   15.937  ED 05 F0 4F 12 11 54               VM → BMBT      4F 12 11  монитор: включён, источник видео GT, 16:9, NTSC
   15.948  F0 04 68 4B 05 D2                BMBT → RAD       4B 05
   15.958  68 04 3B 46 0C 1D                 RAD → GT        46 0C
   16.015  F0 04 68 48 23 F7                BMBT → RAD       48 23  кнопка монитора: код 23
   16.082  68 04 3B 46 0C 1D                 RAD → GT        46 0C
   16.240  F0 04 68 48 A3 77                BMBT → RAD       48 A3  кнопка монитора: код A3
   16.266  68 04 F0 4A 48 9E                 RAD → BMBT      4A 48
   16.282  F0 04 68 4B 05 D2                BMBT → RAD       4B 05
   16.308  68 0B 3B A5 62 01 41 20 46 4D 44 20 90        RAD → GT        A5 62 01 41 20 46 4D 44 20
   16.339  68 0B 3B A5 62 01 42 20 20 20 20 20 FC        RAD → GT        A5 62 01 42 20 20 20 20 20
   16.365  68 0B 3B A5 62 01 43 20 52 45 47 20 8D        RAD → GT        A5 62 01 43 20 52 45 47 20
   16.391  68 0B 3B A5 62 01 44 20 20 20 20 20 FA        RAD → GT        A5 62 01 44 20 20 20 20 20
   16.422  68 0D 3B A5 62 01 45 20 20 52 44 53 20 20 98        RAD → GT        A5 62 01 45 20 20 52 44 53 20 20
   16.463  68 1A 3B A5 62 01 46 20 20 20 20 20 20 20 20 20 20 20 20 20 20 20 20 20 20 20 20 C9        RAD → GT        A5 62 01 46 20 20 20 20 20 20 20 20 20 20 20 20 20 20 20 20 20 20 20 20
   16.509  68 1A 3B A5 62 01 07 20 20 20 20 20 20 20 20 20 20 20 20 20 20 20 20 20 20 20 20 88        RAD → GT        A5 62 01 07 20 20 20 20 20 20 20 20 20 20 20 20 20 20 20 20 20 20 20 20
   16.535  68 12 3B 23 62 10 03 31 30 31 2E 33 04 20 4D 48 7A 20 20 65        RAD → GT        23 62 10 03 31 30 31 2E 33 04 20 4D 48 7A 20 20
   16.546  68 06 3B D4 03 00 00 82           RAD → GT        D4 03 00 00
   16.556  3B 05 68 22 00 06 72               GT → RAD       22 00 06
   16.690  3B 04 68 D4 02 81                  GT → RAD       D4 02
   17.273  F0 04 68 48 23 F7                BMBT → RAD       48 23  кнопка монитора: код 23
   17.385  F0 04 68 48 A3 77                BMBT → RAD       48 A3  кнопка монитора: код A3
   17.422  68 0B 3B A5 62 01 41 20 20 20 20 20 FF        RAD → GT        A5 62 01 41 20 20 20 20 20
   17.453  68 0B 3B A5 62 01 42 20 20 20 20 20 FC        RAD → GT        A5 62 01 42 20 20 20 20 20
   17.478  68 0B 3B A5 62 01 43 20 20 20 20 20 FD        RAD → GT        A5 62 01 43 20 20 20 20 20
   17.504  68 0B 3B A5 62 01 44 20 20 20 20 20 FA        RAD → GT        A5 62 01 44 20 20 20 20 20
   17.530  68 0D 3B A5 62 01 45 44 6F 6C 62 79 20 43 E2        RAD → GT        A5 62 01 45 44 6F 6C 62 79 20 43
   17.576  68 1A 3B A5 62 01 46 20 20 20 20 20 20 20 20 20 20 20 20 20 20 20 20 20 20 20 20 C9        RAD → GT        A5 62 01 46 20 20 20 20 20 20 20 20 20 20 20 20 20 20 20 20 20 20 20 20
   17.623  68 1A 3B A5 62 01 07 20 20 20 20 20 20 20 20 20 20 20 20 20 20 20 20 20 20 20 20 88        RAD → GT        A5 62 01 07 20 20 20 20 20 20 20 20 20 20 20 20 20 20 20 20 20 20 20 20
   17.649  68 12 3B 23 62 10 4E 4F 20 54 41 50 45 20 20 20 20 20 20 31        RAD → GT        23 62 10 4E 4F 20 54 41 50 45 20 20 20 20 20 20
   17.654  68 04 3B 46 0C 1D                 RAD → GT        46 0C
   17.670  3B 05 68 22 00 06 72               GT → RAD       22 00 06
   18.206  F0 04 68 48 23 F7                BMBT → RAD       48 23  кнопка монитора: код 23
   18.303  F0 04 68 48 A3 77                BMBT → RAD       48 A3  кнопка монитора: код A3
   18.314  68 04 F0 4A 48 9E                 RAD → BMBT      4A 48
   18.330  F0 04 68 4B 05 D2                BMBT → RAD       4B 05
   18.361  68 0B 3B A5 62 01 41 20 20 20 20 20 FF        RAD → GT        A5 62 01 41 20 20 20 20 20
   18.386  68 0B 3B A5 62 01 42 20 50 20 34 20 98        RAD → GT        A5 62 01 42 20 50 20 34 20
   18.412  68 0B 3B A5 62 01 43 20 20 20 20 20 FD        RAD → GT        A5 62 01 43 20 20 20 20 20
   18.438  68 0B 3B A5 62 01 44 20 20 20 20 20 FA        RAD → GT        A5 62 01 44 20 20 20 20 20
   18.464  68 0D 3B A5 62 01 45 20 20 20 20 20 20 20 FD        RAD → GT        A5 62 01 45 20 20 20 20 20 20 20
   18.510  68 1A 3B A5 62 01 46 20 20 20 20 20 20 20 20 20 20 20 20 20 20 20 20 20 20 20 20 C9        RAD → GT        A5 62 01 46 20 20 20 20 20 20 20 20 20 20 20 20 20 20 20 20 20 20 20 20
   18.557  68 1A 3B A5 62 01 07 20 20 20 20 20 20 20 20 20 20 20 20 20 20 20 20 20 20 20 20 88        RAD → GT        A5 62 01 07 20 20 20 20 20 20 20 20 20 20 20 20 20 20 20 20 20 20 20 20
   18.583  68 12 3B 23 62 10 41 55 58 20 20 20 20 20 20 20 20 20 20 5C        RAD → GT        23 62 10 41 55 58 20 20 20 20 20 20 20 20 20 20
   18.593  68 04 3B 46 0C 1D                 RAD → GT        46 0C
   18.604  3B 05 68 22 00 06 72               GT → RAD       22 00 06
   18.614  68 04 3B 46 0C 1D                 RAD → GT        46 0C
   19.319  68 04 3B 46 0C 1D                 RAD → GT        46 0C
   19.545  68 03 6A 01 00                    RAD → DSP       01
   19.831  E8 05 D0 59 50 00 34               E8 → LCM_D0    59 50 00
   19.995  F0 03 68 01 9A                   BMBT → RAD       01
   20.010  68 04 BF 02 00 D1                 RAD → LCM       02 00
   21.119  3B 03 F0 01 C9                     GT → BMBT      01
   21.134  F0 04 3B 02 30 FD                BMBT → GT        02 30
   21.283  7F 14 C8 A2 00 00 42 52 27 80 00 74 37 54 90 00 00 00 0D 33 00 0F        NAV → TEL       A2 00 00 42 52 27 80 00 74 37 54 90 00 00 00 0D 33 00
   21.334  7F 23 C8 A4 00 01 00 00 00 00 00 00 00 00 00 00 00 00 00 00 00 00 00 00 00 00 00 00 00 00 00 00 00 00 00 00 31        NAV → TEL       A4 00 01 00 00 00 00 00 00 00 00 00 00 00 00 00 00 00 00 00 00 00 00 00 00 00 00 00 00 00 00 00 00
   21.442  68 05 76 38 00 00 23              RAD → 76        38 00 00
   21.453  68 05 18 38 00 00 4D              RAD → CDC       38 00 00  радио → чейнджеру: статус
   25.944  68 04 3B 46 02 13                 RAD → GT        46 02
   25.954  68 04 3B 46 0C 1D                 RAD → GT        46 0C
   26.133  3B 05 BB 4F 01 00 CB               GT → TV        4F 01 00
   26.164  3B 05 68 4E 01 00 19               GT → RAD       4E 01 00
   26.180  68 04 F0 4A 48 9E                 RAD → BMBT      4A 48
   26.191  68 04 F0 4A 48 9E                 RAD → BMBT      4A 48
   26.201  F0 04 68 4B 05 D2                BMBT → RAD       4B 05
   26.211  F0 04 68 4B 05 D2                BMBT → RAD       4B 05
   26.513  ED 05 F0 4F 11 12 54               VM → BMBT      4F 11 12  монитор: включён, источник TV, 16:9, PAL
   29.855  E8 05 D0 59 50 00 34               E8 → LCM_D0    59 50 00
   30.013  F0 03 68 01 9A                   BMBT → RAD       01
   30.024  68 04 BF 02 00 D1                 RAD → LCM       02 00
   31.128  3B 03 80 01 B9                     GT → IKE       01
   31.154  80 04 BF 02 00 39                 IKE → LCM       02 00
   39.547  68 03 6A 01 00                    RAD → DSP       01
