    0.953  68 03 6A 01 00                    RAD → DSP       01
    2.429  E8 05 D0 59 50 00 34               E8 → LCM_D0    59 50 00
    2.633  F0 03 68 01 9A                   BMBT → RAD       01
    2.648  68 04 BF 02 00 D1                 RAD → LCM       02 00
    2.856  68 05 76 38 00 00 23              RAD → 76        38 00 00
    2.866  68 05 18 38 00 00 4D              RAD → CDC       38 00 00  радио → чейнджеру: статус
    3.019  3B 03 C8 01 F1                     GT → TEL       01
    3.049  C8 04 3B 02 30 C5                 TEL → GT        02 30
    9.220  80 0C E7 24 01 00 31 34 3A 30 33 20 20 72        IKE → OBC_TEXT  24 01 00 31 34 3A 30 33 20 20
    9.277  80 04 BF 11 00 2A                 IKE → LCM       11 00  зажигание: выключено
    9.318  30 04 BF 51 04 DE                  30 → LCM       51 04
    9.329  68 04 F0 4A 48 9E                 RAD → BMBT      4A 48
    9.339  68 04 F0 4A 00 D6                 RAD → BMBT      4A 00
    9.350  F0 04 68 4B 05 D2                BMBT → RAD       4B 05
    9.360  F0 04 68 4B 05 D2                BMBT → RAD       4B 05
    9.396  30 19 80 1A 30 00 20 20 20 20 20 20 20 20 20 20 20 20 20 20 20 20 20 20 20 20 83         30 → IKE       1A 30 00 20 20 20 20 20 20 20 20 20 20 20 20 20 20 20 20 20 20 20 20
    9.406  68 04 3B 46 02 13                 RAD → GT        46 02
    9.427  A4 06 BF 70 01 00 1F 73            A4 → LCM       70 01 00 1F
    9.443  80 04 30 1B 00 AF                 IKE → 30        1B 00
    9.770  A4 06 BF 70 03 00 3F 51            A4 → LCM       70 03 00 3F
   10.362  44 05 BF 74 04 04 8A              EWS → LCM       74 04 04
   18.652  E8 05 D0 59 10 00 74               E8 → LCM_D0    59 10 00
   18.683  80 04 BF 11 01 2B                 IKE → LCM       11 01  зажигание: Kl.R
   18.694  ED 05 F0 4F 12 11 54               VM → BMBT      4F 12 11  монитор: включён, источник видео GT, 16:9, NTSC
   18.704  D0 07 BF 5B 00 00 00 00 33     LCM_D0 → LCM       5B 00 00 00 00
   18.720  D0 05 BF 5C FF 00 C9           LCM_D0 → LCM       5C FF 00
   18.746  80 0A BF 13 00 00 00 00 00 00 15 33        IKE → LCM       13 00 00 00 00 00 00 15
   18.756  30 04 BF 51 04 DE                  30 → LCM       51 04
   18.772  80 05 E7 2A 00 00 48              IKE → OBC_TEXT  2A 00 00
   18.782  00 04 BF 72 02 CB                  GM → LCM       72 02
   18.803  00 05 BF 7A 14 70 A4               GM → LCM       7A 14 70
   18.824  E8 05 D0 59 50 00 34               E8 → LCM_D0    59 50 00
   18.834  44 05 BF 74 05 04 8B              EWS → LCM       74 05 04
   18.855  3B 04 BF 02 40 C2                  GT → LCM       02 40
   18.886  3B 04 68 45 10 02                  GT → RAD       45 10
   18.958  7F 04 43 AB 21 B2                 NAV → MENU      AB 21
   19.014  A4 06 BF 70 03 00 0A 64            A4 → LCM       70 03 00 0A
   19.244  50 04 FF 3B 00 90                 MFL → BROADCAST 3B 00  руль: код 00
   19.296  E8 05 D0 59 50 00 34               E8 → LCM_D0    59 50 00
   19.347  50 03 D0 5D DE                    MFL → LCM_D0    5D
   19.358  D0 05 BF 5C FF 00 C9           LCM_D0 → LCM       5C FF 00
   19.552  80 04 BF 11 03 29                 IKE → LCM       11 03  зажигание: Kl.15
   19.573  80 0A BF 13 03 00 00 00 00 00 15 30        IKE → LCM       13 03 00 00 00 00 00 15
   19.589  D0 07 BF 5B 00 00 00 00 33     LCM_D0 → LCM       5B 00 00 00 00
   19.599  68 04 BF 02 01 D0                 RAD → LCM       02 01
   19.610  30 04 BF 51 00 DA                  30 → LCM       51 00
   19.620  68 05 76 38 00 00 23              RAD → 76        38 00 00
   19.630  68 04 3B 46 08 19                 RAD → GT        46 08
   19.641  68 04 3B 46 04 15                 RAD → GT        46 04
   19.651  68 04 F0 4A FF 29                 RAD → BMBT      4A FF
   19.662  68 04 7F 02 01 10                 RAD → NAV       02 01
   19.672  F0 04 68 4B 05 D2                BMBT → RAD       4B 05
   19.693  80 06 BF 19 15 1F 00 2A           IKE → LCM       19 15 1F 00
   19.703  00 04 BF 72 02 CB                  GM → LCM       72 02
   19.714  80 04 BF 11 03 29                 IKE → LCM       11 03  зажигание: Kl.15
   19.729  80 05 E7 2A 00 00 48              IKE → OBC_TEXT  2A 00 00
   19.750  80 06 60 07 00 00 00 E1           IKE → PDC       07 00 00 00
   19.852  80 0A BF 13 03 B0 00 02 00 00 15 82        IKE → LCM       13 03 B0 00 02 00 00 15
   19.929  3B 04 68 45 10 02                  GT → RAD       45 10
   19.981  80 0A BF 13 02 B0 00 02 00 00 15 83        IKE → LCM       13 02 B0 00 02 00 00 15
   20.012  80 04 BF 11 01 2B                 IKE → LCM       11 01  зажигание: Kl.R
   20.027  3B 05 68 4E 00 00 18               GT → RAD       4E 00 00
   20.043  80 0A BF 13 00 B0 00 02 00 00 15 81        IKE → LCM       13 00 B0 00 02 00 00 15
   20.054  30 04 BF 51 04 DE                  30 → LCM       51 04
   20.064  50 03 C8 01 9A                    MFL → TEL       01
   20.090  80 0A BF 13 00 00 00 00 00 00 15 33        IKE → LCM       13 00 00 00 00 00 00 15
   20.110  C8 04 50 02 30 AE                 TEL → MFL       02 30
   20.637  80 0A BF 17 34 EB 04 80 1F 32 CC 98        IKE → LCM       17 34 EB 04 80 1F 32 CC
   20.678  50 03 B0 01 E2                    MFL → B0        01
   20.719  3B 03 F0 01 C9                     GT → BMBT      01
   20.730  F0 04 3B 02 30 FD                BMBT → GT        02 30
   21.087  80 04 BF 11 01 2B                 IKE → LCM       11 01  зажигание: Kl.R
   21.619  68 04 F0 4A 90 46                 RAD → BMBT      4A 90
   21.635  F0 04 68 4B 05 D2                BMBT → RAD       4B 05
   21.650  68 05 76 38 00 00 23              RAD → 76        38 00 00
   21.661  68 05 18 38 00 00 4D              RAD → CDC       38 00 00  радио → чейнджеру: статус
   21.876  68 04 F0 4A FF 29                 RAD → BMBT      4A FF
   21.886  68 04 F0 4A 48 9E                 RAD → BMBT      4A 48
   21.897  F0 04 68 4B 05 D2                BMBT → RAD       4B 05
   21.907  F0 04 68 4B 05 D2                BMBT → RAD       4B 05
   21.938  68 0B 3B A5 62 01 41 20 20 20 20 20 FF        RAD → GT        A5 62 01 41 20 20 20 20 20
   21.964  68 0B 3B A5 62 01 42 20 50 20 34 20 98        RAD → GT        A5 62 01 42 20 50 20 34 20
   21.990  68 0B 3B A5 62 01 43 20 20 20 20 20 FD        RAD → GT        A5 62 01 43 20 20 20 20 20
   22.015  68 0B 3B A5 62 01 44 20 20 20 20 20 FA        RAD → GT        A5 62 01 44 20 20 20 20 20
   22.046  68 0D 3B A5 62 01 45 20 20 20 20 20 20 20 FD        RAD → GT        A5 62 01 45 20 20 20 20 20 20 20
   22.087  68 1A 3B A5 62 01 46 20 20 20 20 20 20 20 20 20 20 20 20 20 20 20 20 20 20 20 20 C9        RAD → GT        A5 62 01 46 20 20 20 20 20 20 20 20 20 20 20 20 20 20 20 20 20 20 20 20
   22.134  68 1A 3B A5 62 01 07 20 20 20 20 20 20 20 20 20 20 20 20 20 20 20 20 20 20 20 20 88        RAD → GT        A5 62 01 07 20 20 20 20 20 20 20 20 20 20 20 20 20 20 20 20 20 20 20 20
   22.160  68 12 3B 23 62 10 41 55 58 20 20 20 20 20 20 20 20 20 20 5C        RAD → GT        23 62 10 41 55 58 20 20 20 20 20 20 20 20 20 20
   22.170  3B 05 68 22 00 06 72               GT → RAD       22 00 06
   22.186  68 04 3B 46 0C 1D                 RAD → GT        46 0C
   22.196  68 04 F0 4A 48 9E                 RAD → BMBT      4A 48
   22.207  F0 04 68 4B 05 D2                BMBT → RAD       4B 05
   22.391  68 03 6A 01 00                    RAD → DSP       01
   22.427  68 0B 3B A5 62 01 41 20 20 20 20 20 FF        RAD → GT        A5 62 01 41 20 20 20 20 20
   22.453  68 0B 3B A5 62 01 42 20 50 20 34 20 98        RAD → GT        A5 62 01 42 20 50 20 34 20
   22.479  68 0B 3B A5 62 01 43 20 20 20 20 20 FD        RAD → GT        A5 62 01 43 20 20 20 20 20
   22.505  68 0B 3B A5 62 01 44 20 20 20 20 20 FA        RAD → GT        A5 62 01 44 20 20 20 20 20
   22.536  68 0D 3B A5 62 01 45 20 20 20 20 20 20 20 FD        RAD → GT        A5 62 01 45 20 20 20 20 20 20 20
   22.582  68 1A 3B A5 62 01 46 20 20 20 20 20 20 20 20 20 20 20 20 20 20 20 20 20 20 20 20 C9        RAD → GT        A5 62 01 46 20 20 20 20 20 20 20 20 20 20 20 20 20 20 20 20 20 20 20 20
   22.592  D0 07 BF 5B 00 00 00 00 33     LCM_D0 → LCM       5B 00 00 00 00
   22.638  68 1A 3B A5 62 01 07 20 20 20 20 20 20 20 20 20 20 20 20 20 20 20 20 20 20 20 20 88        RAD → GT        A5 62 01 07 20 20 20 20 20 20 20 20 20 20 20 20 20 20 20 20 20 20 20 20
   22.669  68 12 3B 23 62 10 41 55 58 20 20 20 20 20 20 20 20 20 20 5C        RAD → GT        23 62 10 41 55 58 20 20 20 20 20 20 20 20 20 20
   22.675  68 04 3B 46 0C 1D                 RAD → GT        46 0C
   22.685  68 04 3B 46 0C 1D                 RAD → GT        46 0C
   22.696  3B 05 68 22 00 06 72               GT → RAD       22 00 06
   22.890  7F 14 C8 A2 00 00 42 52 27 80 00 74 37 54 90 00 00 00 0E 03 00 3C        NAV → TEL       A2 00 00 42 52 27 80 00 74 37 54 90 00 00 00 0E 03 00
   22.941  7F 23 C8 A4 00 01 00 00 00 00 00 00 00 00 00 00 00 00 00 00 00 00 00 00 00 00 00 00 00 00 00 00 00 00 00 00 31        NAV → TEL       A4 00 01 00 00 00 00 00 00 00 00 00 00 00 00 00 00 00 00 00 00 00 00 00 00 00 00 00 00 00 00 00 00
   22.957  68 04 3B 46 0C 1D                 RAD → GT        46 0C
   22.972  A4 06 BF 70 02 00 0A 65            A4 → LCM       70 02 00 0A
   23.238  50 03 B0 01 E2                    MFL → B0        01
   23.422  C8 03 E7 01 2D                    TEL → OBC_TEXT  01
   23.433  F0 04 C8 02 30 0E                BMBT → TEL       02 30
   23.448  A4 06 BF 70 03 00 0A 64            A4 → LCM       70 03 00 0A
   23.469  C8 03 3B 01 F1                    TEL → GT        01
   23.480  3B 04 C8 02 40 B5                  GT → TEL       02 40
   23.495  C8 03 7F 01 B5                    TEL → NAV       01
   23.511  3B 04 C8 02 40 B5                  GT → TEL       02 40
   23.531  C8 04 E7 2C 50 57                 TEL → OBC_TEXT  2C 50
   23.542  7F 04 C8 02 40 F1                 NAV → TEL       02 40
   23.563  C8 04 E7 2B 03 03                 TEL → OBC_TEXT  2B 03
   23.579  C8 03 80 10 5B                    TEL → IKE       10
   23.599  80 04 BF 11 01 2B                 IKE → LCM       11 01  зажигание: Kl.R
   23.824  A4 06 BF 70 01 00 1A 76            A4 → LCM       70 01 00 1A
   25.532  68 04 3B 46 0C 1D                 RAD → GT        46 0C
   28.347  50 03 B0 01 E2                    MFL → B0        01
   28.638  E8 05 D0 59 50 00 34               E8 → LCM_D0    59 50 00
   28.715  F0 03 68 01 9A                   BMBT → RAD       01
   28.726  68 04 BF 02 00 D1                 RAD → LCM       02 00
   28.951  68 03 80 14 FF                    RAD → IKE       14
   28.977  80 07 BF 15 01 00 00 42 6E        IKE → LCM       15 01 00 00 42
   29.651  68 05 7F A8 37 13 9E              RAD → NAV       A8 37 13
   29.682  7F 04 68 A7 10 A4                 NAV → RAD       A7 10
   29.703  7F 04 68 A7 30 84                 NAV → RAD       A7 30
   29.719  68 05 7F A8 37 13 9E              RAD → NAV       A8 37 13
   29.729  68 05 7F A8 3F 00 85              RAD → NAV       A8 3F 00
   29.755  7F 05 68 A7 31 00 84              NAV → RAD       A7 31 00
   29.765  68 05 7F A8 32 08 80              RAD → NAV       A8 32 08
   30.721  3B 03 80 01 B9                     GT → IKE       01
   30.747  80 04 BF 02 00 39                 IKE → LCM       02 00
   32.111  7F 06 C8 A9 0A 30 30 12           NAV → TEL       A9 0A 30 30
   32.199  7F 06 C8 A9 03 30 30 1B           NAV → TEL       A9 03 30 30
   38.661  E8 05 D0 59 50 00 34               E8 → LCM_D0    59 50 00
   38.733  F0 03 68 01 9A                   BMBT → RAD       01
   38.743  68 04 BF 02 00 D1                 RAD → LCM       02 00
   39.653  68 03 6A 01 00                    RAD → DSP       01
   40.731  3B 03 C8 01 F1                     GT → TEL       01
   40.767  C8 04 3B 02 30 C5                 TEL → GT        02 30
   41.554  68 05 76 38 00 00 23              RAD → 76        38 00 00
   41.565  68 05 18 38 00 00 4D              RAD → CDC       38 00 00  радио → чейнджеру: статус
   42.194  7F 06 C8 A9 03 30 30 1B           NAV → TEL       A9 03 30 30
   42.281  7F 06 C8 A9 0A 30 30 12           NAV → TEL       A9 0A 30 30
   48.676  E8 05 D0 59 50 00 34               E8 → LCM_D0    59 50 00
   48.753  F0 03 68 01 9A                   BMBT → RAD       01
   48.763  68 04 BF 02 00 D1                 RAD → LCM       02 00
   50.745  3B 03 ED 01 D4                     GT → VM        01
   50.756  ED 04 3B 02 00 D0                  VM → GT        02 00
   51.829  7F 0B 80 1F 40 08 03 14 00 02 20 07 91        NAV → IKE       1F 40 08 03 14 00 02 20 07
   52.295  7F 06 C8 A9 03 30 30 1B           NAV → TEL       A9 03 30 30
   52.382  7F 06 C8 A9 0A 30 30 12           NAV → TEL       A9 0A 30 30
   52.740  7F 14 C8 A2 00 00 42 52 27 80 00 74 37 54 90 00 00 00 0E 03 00 3C        NAV → TEL       A2 00 00 42 52 27 80 00 74 37 54 90 00 00 00 0E 03 00
   52.792  7F 23 C8 A4 00 01 00 00 00 00 00 00 00 00 00 00 00 00 00 00 00 00 00 00 00 00 00 00 00 00 00 00 00 00 00 00 31        NAV → TEL       A4 00 01 00 00 00 00 00 00 00 00 00 00 00 00 00 00 00 00 00 00 00 00 00 00 00 00 00 00 00 00 00 00
   58.698  E8 05 D0 59 50 00 34               E8 → LCM_D0    59 50 00
   58.770  F0 03 68 01 9A                   BMBT → RAD       01
   58.781  68 04 BF 02 00 D1                 RAD → LCM       02 00
   59.655  68 03 6A 01 00                    RAD → DSP       01
   60.749  3B 03 F0 01 C9                     GT → BMBT      01
   60.760  F0 04 3B 02 30 FD                BMBT → GT        02 30
   61.558  68 05 76 38 00 00 23              RAD → 76        38 00 00
   61.568  68 05 18 38 00 00 4D              RAD → CDC       38 00 00  радио → чейнджеру: статус
   62.392  7F 06 C8 A9 03 30 30 1B           NAV → TEL       A9 03 30 30
   62.484  7F 06 C8 A9 0A 30 30 12           NAV → TEL       A9 0A 30 30
   68.707  E8 05 D0 59 50 00 34               E8 → LCM_D0    59 50 00
   68.790  F0 03 68 01 9A                   BMBT → RAD       01
   68.805  68 04 BF 02 00 D1                 RAD → LCM       02 00
   69.270  80 0C E7 24 01 00 31 34 3A 30 34 20 20 75        IKE → OBC_TEXT  24 01 00 31 34 3A 30 34 20 20
   70.757  3B 03 80 01 B9                     GT → IKE       01
   70.788  80 04 BF 02 00 39                 IKE → LCM       02 00
   72.500  7F 06 C8 A9 03 30 30 1B           NAV → TEL       A9 03 30 30
   72.588  7F 06 C8 A9 0A 30 30 12           NAV → TEL       A9 0A 30 30
