    1.189  80 0C E7 24 01 00 31 33 3A 34 36 20 20 74        IKE → OBC_TEXT  24 01 00 31 33 3A 34 36 20 20
    2.508  E8 05 D0 59 50 00 34               E8 → LCM_D0    59 50 00
    2.657  F0 03 68 01 9A                   BMBT → RAD       01
    2.673  68 04 BF 02 00 D1                 RAD → LCM       02 00
    4.113  3B 03 80 01 B9                     GT → IKE       01
    4.139  80 04 BF 02 00 39                 IKE → LCM       02 00
   12.540  E8 05 D0 59 50 00 34               E8 → LCM_D0    59 50 00
   12.679  F0 03 68 01 9A                   BMBT → RAD       01
   12.689  68 04 BF 02 00 D1                 RAD → LCM       02 00
   12.756  68 03 6A 01 00                    RAD → DSP       01
   14.126  3B 03 C8 01 F1                     GT → TEL       01
   14.157  C8 04 3B 02 30 C5                 TEL → GT        02 30
   14.490  7F 14 C8 A2 00 00 42 52 27 80 00 74 37 54 90 00 00 00 0D 2E 00 12        NAV → TEL       A2 00 00 42 52 27 80 00 74 37 54 90 00 00 00 0D 2E 00
   14.542  7F 23 C8 A4 00 01 00 00 00 00 00 00 00 00 00 00 00 00 00 00 00 00 00 00 00 00 00 00 00 00 00 00 00 00 00 00 31        NAV → TEL       A4 00 01 00 00 00 00 00 00 00 00 00 00 00 00 00 00 00 00 00 00 00 00 00 00 00 00 00 00 00 00 00 00
   14.654  68 05 76 38 00 00 23              RAD → 76        38 00 00
   14.670  68 05 18 38 00 00 4D              RAD → CDC       38 00 00  радио → чейнджеру: статус
   22.550  E8 05 D0 59 50 00 34               E8 → LCM_D0    59 50 00
   22.699  F0 03 68 01 9A                   BMBT → RAD       01
   22.709  68 04 BF 02 00 D1                 RAD → LCM       02 00
   24.140  3B 03 ED 01 D4                     GT → VM        01
   24.150  ED 04 3B 02 00 D0                  VM → GT        02 00
   32.564  E8 05 D0 59 50 00 34               E8 → LCM_D0    59 50 00
   32.718  F0 03 68 01 9A                   BMBT → RAD       01
   32.728  68 04 BF 02 00 D1                 RAD → LCM       02 00
   32.759  68 03 6A 01 00                    RAD → DSP       01
   34.144  3B 03 F0 01 C9                     GT → BMBT      01
   34.154  F0 04 3B 02 30 FD                BMBT → GT        02 30
   34.661  68 05 76 38 00 00 23              RAD → 76        38 00 00
   34.671  68 05 18 38 00 00 4D              RAD → CDC       38 00 00  радио → чейнджеру: статус
   42.585  E8 05 D0 59 50 00 34               E8 → LCM_D0    59 50 00
   42.738  F0 03 68 01 9A                   BMBT → RAD       01
   42.749  68 04 BF 02 00 D1                 RAD → LCM       02 00
   44.102  7F 0B 80 1F 40 07 46 14 00 02 20 07 DB        NAV → IKE       1F 40 07 46 14 00 02 20 07
   44.154  3B 03 80 01 B9                     GT → IKE       01
   44.175  80 04 BF 02 00 39                 IKE → LCM       02 00
   44.492  7F 14 C8 A2 00 00 42 52 27 80 00 74 37 54 90 00 00 00 0D 2E 00 12        NAV → TEL       A2 00 00 42 52 27 80 00 74 37 54 90 00 00 00 0D 2E 00
   44.544  7F 23 C8 A4 00 01 00 00 00 00 00 00 00 00 00 00 00 00 00 00 00 00 00 00 00 00 00 00 00 00 00 00 00 00 00 00 31        NAV → TEL       A4 00 01 00 00 00 00 00 00 00 00 00 00 00 00 00 00 00 00 00 00 00 00 00 00 00 00 00 00 00 00 00 00
   52.608  E8 05 D0 59 50 00 34               E8 → LCM_D0    59 50 00
   52.756  F0 03 68 01 9A                   BMBT → RAD       01
   52.767  68 03 6A 01 00                    RAD → DSP       01
   52.777  68 04 BF 02 00 D1                 RAD → LCM       02 00
   54.168  3B 03 C8 01 F1                     GT → TEL       01
   54.199  C8 04 3B 02 30 C5                 TEL → GT        02 30
   54.665  68 05 76 38 00 00 23              RAD → 76        38 00 00
   54.676  68 05 18 38 00 00 4D              RAD → CDC       38 00 00  радио → чейнджеру: статус
