    0.882  3B 03 ED 01 D4                     GT → VM        01
    0.888  ED 04 3B 02 00 D0                  VM → GT        02 00
    1.756  68 05 76 38 00 00 23              RAD → 76        38 00 00
    1.772  68 05 18 38 00 00 4D              RAD → CDC       38 00 00  радио → чейнджеру: статус
    8.327  80 0C E7 24 01 00 31 33 3A 33 38 20 20 7D        IKE → OBC_TEXT  24 01 00 31 33 3A 33 38 20 20
    8.818  E8 05 D0 59 50 00 34               E8 → LCM_D0    59 50 00
    8.920  F0 03 68 01 9A                   BMBT → RAD       01
    8.931  68 04 BF 02 00 D1                 RAD → LCM       02 00
   10.892  3B 03 F0 01 C9                     GT → BMBT      01
   10.903  F0 04 3B 02 30 FD                BMBT → GT        02 30
   18.830  E8 05 D0 59 50 00 34               E8 → LCM_D0    59 50 00
   18.933  F0 03 68 01 9A                   BMBT → RAD       01
   18.948  68 04 BF 02 00 D1                 RAD → LCM       02 00
   19.858  68 03 6A 01 00                    RAD → DSP       01
   20.900  3B 03 80 01 B9                     GT → IKE       01
   20.921  80 04 BF 02 00 39                 IKE → LCM       02 00
   21.427  7F 14 C8 A2 00 00 42 52 27 80 00 74 37 54 90 00 00 00 0D 26 00 1A        NAV → TEL       A2 00 00 42 52 27 80 00 74 37 54 90 00 00 00 0D 26 00
   21.478  7F 23 C8 A4 00 01 00 00 00 00 00 00 00 00 00 00 00 00 00 00 00 00 00 00 00 00 00 00 00 00 00 00 00 00 00 00 31        NAV → TEL       A4 00 01 00 00 00 00 00 00 00 00 00 00 00 00 00 00 00 00 00 00 00 00 00 00 00 00 00 00 00 00 00 00
   21.755  68 05 76 38 00 00 23              RAD → 76        38 00 00
   21.765  68 05 18 38 00 00 4D              RAD → CDC       38 00 00  радио → чейнджеру: статус
   28.845  E8 05 D0 59 50 00 34               E8 → LCM_D0    59 50 00
   28.953  F0 03 68 01 9A                   BMBT → RAD       01
   28.964  68 04 BF 02 00 D1                 RAD → LCM       02 00
   30.900  3B 03 6A 01 53                     GT → DSP       01
   36.652  F0 04 68 48 30 E4                BMBT → RAD       48 30  кнопка монитора: код 30
   36.739  68 0B 3B A5 62 01 41 20 20 20 20 20 FF        RAD → GT        A5 62 01 41 20 20 20 20 20
   36.765  68 0B 3B A5 62 01 42 20 50 20 34 20 98        RAD → GT        A5 62 01 42 20 50 20 34 20
   36.781  F0 04 68 48 B0 64                BMBT → RAD       48 B0  кнопка монитора: код B0
   36.807  68 0B 3B A5 62 01 43 20 20 20 20 20 FD        RAD → GT        A5 62 01 43 20 20 20 20 20
   36.838  68 0B 3B A5 62 01 44 20 20 20 20 20 FA        RAD → GT        A5 62 01 44 20 20 20 20 20
   36.864  68 0D 3B A5 62 01 45 20 20 20 20 20 20 20 FD        RAD → GT        A5 62 01 45 20 20 20 20 20 20 20
   36.910  68 1A 3B A5 62 01 46 20 20 20 20 20 20 20 20 20 20 20 20 20 20 20 20 20 20 20 20 C9        RAD → GT        A5 62 01 46 20 20 20 20 20 20 20 20 20 20 20 20 20 20 20 20 20 20 20 20
   36.952  68 1A 3B A5 62 01 07 20 20 20 20 20 20 20 20 20 20 20 20 20 20 20 20 20 20 20 20 88        RAD → GT        A5 62 01 07 20 20 20 20 20 20 20 20 20 20 20 20 20 20 20 20 20 20 20 20
   36.978  68 12 3B 23 62 10 41 55 58 20 20 20 20 20 20 20 20 20 20 5C        RAD → GT        23 62 10 41 55 58 20 20 20 20 20 20 20 20 20 20
   36.988  68 04 3B 46 0C 1D                 RAD → GT        46 0C
   36.999  3B 05 68 22 00 06 72               GT → RAD       22 00 06
   37.714  F0 04 68 48 30 E4                BMBT → RAD       48 30  кнопка монитора: код 30
   37.730  68 04 3B 46 02 13                 RAD → GT        46 02
   37.741  68 04 3B 46 0C 1D                 RAD → GT        46 0C
   37.879  F0 04 68 48 B0 64                BMBT → RAD       48 B0  кнопка монитора: код B0
   38.860  E8 05 D0 59 50 00 34               E8 → LCM_D0    59 50 00
   38.968  F0 03 68 01 9A                   BMBT → RAD       01
   38.978  68 04 BF 02 00 D1                 RAD → LCM       02 00
   39.464  F0 04 68 48 30 E4                BMBT → RAD       48 30  кнопка монитора: код 30
   39.551  68 0B 3B A5 62 01 41 20 20 20 20 20 FF        RAD → GT        A5 62 01 41 20 20 20 20 20
   39.577  68 0B 3B A5 62 01 42 20 50 20 34 20 98        RAD → GT        A5 62 01 42 20 50 20 34 20
   39.587  F0 04 68 48 B0 64                BMBT → RAD       48 B0  кнопка монитора: код B0
   39.618  68 0B 3B A5 62 01 43 20 20 20 20 20 FD        RAD → GT        A5 62 01 43 20 20 20 20 20
   39.644  68 0B 3B A5 62 01 44 20 20 20 20 20 FA        RAD → GT        A5 62 01 44 20 20 20 20 20
   39.670  68 0D 3B A5 62 01 45 20 20 20 20 20 20 20 FD        RAD → GT        A5 62 01 45 20 20 20 20 20 20 20
   39.716  68 1A 3B A5 62 01 46 20 20 20 20 20 20 20 20 20 20 20 20 20 20 20 20 20 20 20 20 C9        RAD → GT        A5 62 01 46 20 20 20 20 20 20 20 20 20 20 20 20 20 20 20 20 20 20 20 20
   39.763  68 1A 3B A5 62 01 07 20 20 20 20 20 20 20 20 20 20 20 20 20 20 20 20 20 20 20 20 88        RAD → GT        A5 62 01 07 20 20 20 20 20 20 20 20 20 20 20 20 20 20 20 20 20 20 20 20
   39.789  68 12 3B 23 62 10 41 55 58 20 20 20 20 20 20 20 20 20 20 5C        RAD → GT        23 62 10 41 55 58 20 20 20 20 20 20 20 20 20 20
   39.799  68 04 3B 46 0C 1D                 RAD → GT        46 0C
   39.810  3B 05 68 22 00 06 72               GT → RAD       22 00 06
   39.856  68 03 6A 01 00                    RAD → DSP       01
   40.909  3B 03 C8 01 F1                     GT → TEL       01
   40.940  C8 04 3B 02 30 C5                 TEL → GT        02 30
   41.640  F0 04 68 48 30 E4                BMBT → RAD       48 30  кнопка монитора: код 30
   41.656  68 04 3B 46 02 13                 RAD → GT        46 02
   41.661  68 04 3B 46 0C 1D                 RAD → GT        46 0C
   41.753  F0 04 68 48 B0 64                BMBT → RAD       48 B0  кнопка монитора: код B0
   41.764  68 05 76 38 00 00 23              RAD → 76        38 00 00
   41.780  68 05 18 38 00 00 4D              RAD → CDC       38 00 00  радио → чейнджеру: статус
   42.735  F0 04 68 48 30 E4                BMBT → RAD       48 30  кнопка монитора: код 30
   42.822  68 0B 3B A5 62 01 41 20 20 20 20 20 FF        RAD → GT        A5 62 01 41 20 20 20 20 20
   42.848  68 0B 3B A5 62 01 42 20 50 20 34 20 98        RAD → GT        A5 62 01 42 20 50 20 34 20
   42.859  F0 04 68 48 B0 64                BMBT → RAD       48 B0  кнопка монитора: код B0
   42.890  68 0B 3B A5 62 01 43 20 20 20 20 20 FD        RAD → GT        A5 62 01 43 20 20 20 20 20
   42.915  68 0B 3B A5 62 01 44 20 20 20 20 20 FA        RAD → GT        A5 62 01 44 20 20 20 20 20
   42.946  68 0D 3B A5 62 01 45 20 20 20 20 20 20 20 FD        RAD → GT        A5 62 01 45 20 20 20 20 20 20 20
   42.988  68 1A 3B A5 62 01 46 20 20 20 20 20 20 20 20 20 20 20 20 20 20 20 20 20 20 20 20 C9        RAD → GT        A5 62 01 46 20 20 20 20 20 20 20 20 20 20 20 20 20 20 20 20 20 20 20 20
   43.034  68 1A 3B A5 62 01 07 20 20 20 20 20 20 20 20 20 20 20 20 20 20 20 20 20 20 20 20 88        RAD → GT        A5 62 01 07 20 20 20 20 20 20 20 20 20 20 20 20 20 20 20 20 20 20 20 20
   43.060  68 12 3B 23 62 10 41 55 58 20 20 20 20 20 20 20 20 20 20 5C        RAD → GT        23 62 10 41 55 58 20 20 20 20 20 20 20 20 20 20
   43.070  68 04 3B 46 0C 1D                 RAD → GT        46 0C
   43.086  3B 05 68 22 00 06 72               GT → RAD       22 00 06
   43.700  F0 04 68 48 30 E4                BMBT → RAD       48 30  кнопка монитора: код 30
   43.715  68 04 3B 46 02 13                 RAD → GT        46 02
   43.726  68 04 3B 46 0C 1D                 RAD → GT        46 0C
   43.798  F0 04 68 48 B0 64                BMBT → RAD       48 B0  кнопка монитора: код B0
   44.860  F0 04 68 48 30 E4                BMBT → RAD       48 30  кнопка монитора: код 30
   44.948  68 0B 3B A5 62 01 41 20 20 20 20 20 FF        RAD → GT        A5 62 01 41 20 20 20 20 20
   44.958  F0 04 68 48 B0 64                BMBT → RAD       48 B0  кнопка монитора: код B0
   44.989  68 0B 3B A5 62 01 42 20 50 20 34 20 98        RAD → GT        A5 62 01 42 20 50 20 34 20
   45.015  68 0B 3B A5 62 01 43 20 20 20 20 20 FD        RAD → GT        A5 62 01 43 20 20 20 20 20
   45.041  68 0B 3B A5 62 01 44 20 20 20 20 20 FA        RAD → GT        A5 62 01 44 20 20 20 20 20
   45.072  68 0D 3B A5 62 01 45 20 20 20 20 20 20 20 FD        RAD → GT        A5 62 01 45 20 20 20 20 20 20 20
   45.113  68 1A 3B A5 62 01 46 20 20 20 20 20 20 20 20 20 20 20 20 20 20 20 20 20 20 20 20 C9        RAD → GT        A5 62 01 46 20 20 20 20 20 20 20 20 20 20 20 20 20 20 20 20 20 20 20 20
   45.159  68 1A 3B A5 62 01 07 20 20 20 20 20 20 20 20 20 20 20 20 20 20 20 20 20 20 20 20 88        RAD → GT        A5 62 01 07 20 20 20 20 20 20 20 20 20 20 20 20 20 20 20 20 20 20 20 20
   45.185  68 12 3B 23 62 10 41 55 58 20 20 20 20 20 20 20 20 20 20 5C        RAD → GT        23 62 10 41 55 58 20 20 20 20 20 20 20 20 20 20
   45.196  68 04 3B 46 0C 1D                 RAD → GT        46 0C
   45.206  3B 05 68 22 00 06 72               GT → RAD       22 00 06
   45.661  F0 04 68 48 30 E4                BMBT → RAD       48 30  кнопка монитора: код 30
   45.677  68 04 3B 46 02 13                 RAD → GT        46 02
   45.687  68 04 3B 46 0C 1D                 RAD → GT        46 0C
   45.728  F0 04 68 48 B0 64                BMBT → RAD       48 B0  кнопка монитора: код B0
   48.877  E8 05 D0 59 50 00 34               E8 → LCM_D0    59 50 00
   48.985  F0 03 68 01 9A                   BMBT → RAD       01
   48.996  68 04 BF 02 00 D1                 RAD → LCM       02 00
   50.913  3B 03 ED 01 D4                     GT → VM        01
   50.949  ED 04 3B 02 00 D0                  VM → GT        02 00
   51.425  7F 14 C8 A2 00 00 42 52 27 80 00 74 37 54 90 00 00 00 0D 26 00 1A        NAV → TEL       A2 00 00 42 52 27 80 00 74 37 54 90 00 00 00 0D 26 00
   51.477  7F 23 C8 A4 00 01 00 00 00 00 00 00 00 00 00 00 00 00 00 00 00 00 00 00 00 00 00 00 00 00 00 00 00 00 00 00 31        NAV → TEL       A4 00 01 00 00 00 00 00 00 00 00 00 00 00 00 00 00 00 00 00 00 00 00 00 00 00 00 00 00 00 00 00 00
   51.543  7F 0B 80 1F 40 07 38 14 00 02 20 07 A5        NAV → IKE       1F 40 07 38 14 00 02 20 07
   58.895  E8 05 D0 59 50 00 34               E8 → LCM_D0    59 50 00
   59.002  F0 03 68 01 9A                   BMBT → RAD       01
   59.013  68 04 BF 02 00 D1                 RAD → LCM       02 00
