    0.594  7F 06 C8 A9 03 30 30 1B           NAV → TEL       A9 03 30 30
    0.680  7F 06 C8 A9 0A 30 30 12           NAV → TEL       A9 0A 30 30
    0.696  3B 03 80 01 B9                     GT → IKE       01
    0.716  80 04 BF 02 00 39                 IKE → LCM       02 00
    7.739  F0 04 68 32 11 BF                BMBT → RAD       32 11
    7.903  F0 04 68 32 20 8E                BMBT → RAD       32 20
    7.934  F0 04 68 32 11 BF                BMBT → RAD       32 11
    8.164  F0 04 68 32 30 9E                BMBT → RAD       32 30
    8.262  F0 04 68 32 11 BF                BMBT → RAD       32 11
    8.328  F0 04 68 32 30 9E                BMBT → RAD       32 30
    8.492  F0 04 68 32 21 8F                BMBT → RAD       32 21
    8.590  F0 04 68 32 31 9F                BMBT → RAD       32 31
    8.626  F0 04 68 32 21 8F                BMBT → RAD       32 21
    8.983  68 03 6A 01 00                    RAD → DSP       01
    9.014  F0 04 68 32 11 BF                BMBT → RAD       32 11
    9.050  F0 04 68 32 10 BE                BMBT → RAD       32 10
    9.076  F0 04 68 32 31 9F                BMBT → RAD       32 31
    9.107  F0 04 68 32 10 BE                BMBT → RAD       32 10
    9.143  F0 04 68 32 10 BE                BMBT → RAD       32 10
    9.522  E8 05 D0 59 50 00 34               E8 → LCM_D0    59 50 00
    9.681  F0 03 68 01 9A                   BMBT → RAD       01
    9.692  68 04 BF 02 00 D1                 RAD → LCM       02 00
   10.663  3B 03 C8 01 F1                     GT → TEL       01
   10.699  C8 04 3B 02 30 C5                 TEL → GT        02 30
   10.888  68 05 76 38 00 00 23              RAD → 76        38 00 00
   10.898  68 05 18 38 00 00 4D              RAD → CDC       38 00 00  радио → чейнджеру: статус
