    0.100  E8 05 D0 59 50 00 34               E8 → LCM_D0    59 50 00
    0.264  F0 03 68 01 9A                   BMBT → RAD       01
    0.285  68 04 BF 02 00 D1                 RAD → LCM       02 00
    1.348  3B 03 80 01 B9                     GT → IKE       01
    1.369  80 04 BF 02 00 39                 IKE → LCM       02 00
    9.733  68 03 6A 01 00                    RAD → DSP       01
   10.122  E8 05 D0 59 50 00 34               E8 → LCM_D0    59 50 00
   10.286  F0 03 68 01 9A                   BMBT → RAD       01
   10.301  68 04 BF 02 00 D1                 RAD → LCM       02 00
   11.348  3B 03 C8 01 F1                     GT → TEL       01
   11.379  C8 04 3B 02 30 C5                 TEL → GT        02 30
   11.477  7F 14 C8 A2 00 00 42 52 27 80 00 74 37 54 90 00 00 00 0D 34 00 08        NAV → TEL       A2 00 00 42 52 27 80 00 74 37 54 90 00 00 00 0D 34 00
   11.528  7F 23 C8 A4 00 01 00 00 00 00 00 00 00 00 00 00 00 00 00 00 00 00 00 00 00 00 00 00 00 00 00 00 00 00 00 00 31        NAV → TEL       A4 00 01 00 00 00 00 00 00 00 00 00 00 00 00 00 00 00 00 00 00 00 00 00 00 00 00 00 00 00 00 00 00
   11.631  68 05 76 38 00 00 23              RAD → 76        38 00 00
   11.641  68 05 18 38 00 00 4D              RAD → CDC       38 00 00  радио → чейнджеру: статус
   14.722  3B 03 80 10 A8                     GT → IKE       10
   14.753  80 04 BF 11 01 2B                 IKE → LCM       11 01  зажигание: Kl.R
   20.148  E8 05 D0 59 50 00 34               E8 → LCM_D0    59 50 00
   20.307  F0 03 68 01 9A                   BMBT → RAD       01
   20.317  68 04 BF 02 00 D1                 RAD → LCM       02 00
   21.360  3B 03 ED 01 D4                     GT → VM        01
   21.370  ED 04 3B 02 00 D0                  VM → GT        02 00
